Archive member included to satisfy reference by file (symbol)

c:/st/stm32cubeide_1.6.1/stm32cubeide/plugins/com.st.stm32cube.ide.mcu.externaltools.gnu-tools-for-stm32.10.3-2021.10.win32_1.0.0.202111181127/tools/bin/../lib/gcc/arm-none-eabi/10.3.1/../../../../arm-none-eabi/lib/thumb/v7e-m+fp/hard\libc_nano.a(lib_a-errno.o)
                              ./Core/Src/syscalls.o (__errno)
c:/st/stm32cubeide_1.6.1/stm32cubeide/plugins/com.st.stm32cube.ide.mcu.externaltools.gnu-tools-for-stm32.10.3-2021.10.win32_1.0.0.202111181127/tools/bin/../lib/gcc/arm-none-eabi/10.3.1/../../../../arm-none-eabi/lib/thumb/v7e-m+fp/hard\libc_nano.a(lib_a-exit.o)
                              c:/st/stm32cubeide_1.6.1/stm32cubeide/plugins/com.st.stm32cube.ide.mcu.externaltools.gnu-tools-for-stm32.10.3-2021.10.win32_1.0.0.202111181127/tools/bin/../lib/gcc/arm-none-eabi/10.3.1/../../../../arm-none-eabi/lib/thumb/v7e-m+fp/hard/crt0.o (exit)
c:/st/stm32cubeide_1.6.1/stm32cubeide/plugins/com.st.stm32cube.ide.mcu.externaltools.gnu-tools-for-stm32.10.3-2021.10.win32_1.0.0.202111181127/tools/bin/../lib/gcc/arm-none-eabi/10.3.1/../../../../arm-none-eabi/lib/thumb/v7e-m+fp/hard\libc_nano.a(lib_a-impure.o)
                              c:/st/stm32cubeide_1.6.1/stm32cubeide/plugins/com.st.stm32cube.ide.mcu.externaltools.gnu-tools-for-stm32.10.3-2021.10.win32_1.0.0.202111181127/tools/bin/../lib/gcc/arm-none-eabi/10.3.1/../../../../arm-none-eabi/lib/thumb/v7e-m+fp/hard\libc_nano.a(lib_a-exit.o) (_global_impure_ptr)
c:/st/stm32cubeide_1.6.1/stm32cubeide/plugins/com.st.stm32cube.ide.mcu.externaltools.gnu-tools-for-stm32.10.3-2021.10.win32_1.0.0.202111181127/tools/bin/../lib/gcc/arm-none-eabi/10.3.1/../../../../arm-none-eabi/lib/thumb/v7e-m+fp/hard\libc_nano.a(lib_a-init.o)
                              c:/st/stm32cubeide_1.6.1/stm32cubeide/plugins/com.st.stm32cube.ide.mcu.externaltools.gnu-tools-for-stm32.10.3-2021.10.win32_1.0.0.202111181127/tools/bin/../lib/gcc/arm-none-eabi/10.3.1/../../../../arm-none-eabi/lib/thumb/v7e-m+fp/hard/crt0.o (__libc_init_array)
c:/st/stm32cubeide_1.6.1/stm32cubeide/plugins/com.st.stm32cube.ide.mcu.externaltools.gnu-tools-for-stm32.10.3-2021.10.win32_1.0.0.202111181127/tools/bin/../lib/gcc/arm-none-eabi/10.3.1/../../../../arm-none-eabi/lib/thumb/v7e-m+fp/hard\libc_nano.a(lib_a-memset.o)
                              c:/st/stm32cubeide_1.6.1/stm32cubeide/plugins/com.st.stm32cube.ide.mcu.externaltools.gnu-tools-for-stm32.10.3-2021.10.win32_1.0.0.202111181127/tools/bin/../lib/gcc/arm-none-eabi/10.3.1/../../../../arm-none-eabi/lib/thumb/v7e-m+fp/hard/crt0.o (memset)
c:/st/stm32cubeide_1.6.1/stm32cubeide/plugins/com.st.stm32cube.ide.mcu.externaltools.gnu-tools-for-stm32.10.3-2021.10.win32_1.0.0.202111181127/tools/bin/../lib/gcc/arm-none-eabi/10.3.1/../../../../arm-none-eabi/lib/thumb/v7e-m+fp/hard\libm.a(lib_a-s_sin.o)
                              ./Core/Src/main.o (sin)
c:/st/stm32cubeide_1.6.1/stm32cubeide/plugins/com.st.stm32cube.ide.mcu.externaltools.gnu-tools-for-stm32.10.3-2021.10.win32_1.0.0.202111181127/tools/bin/../lib/gcc/arm-none-eabi/10.3.1/../../../../arm-none-eabi/lib/thumb/v7e-m+fp/hard\libm.a(lib_a-w_asin.o)
                              ./Core/Src/main.o (asin)
c:/st/stm32cubeide_1.6.1/stm32cubeide/plugins/com.st.stm32cube.ide.mcu.externaltools.gnu-tools-for-stm32.10.3-2021.10.win32_1.0.0.202111181127/tools/bin/../lib/gcc/arm-none-eabi/10.3.1/../../../../arm-none-eabi/lib/thumb/v7e-m+fp/hard\libm.a(lib_a-w_sqrt.o)
                              ./Core/Src/main.o (sqrt)
c:/st/stm32cubeide_1.6.1/stm32cubeide/plugins/com.st.stm32cube.ide.mcu.externaltools.gnu-tools-for-stm32.10.3-2021.10.win32_1.0.0.202111181127/tools/bin/../lib/gcc/arm-none-eabi/10.3.1/../../../../arm-none-eabi/lib/thumb/v7e-m+fp/hard\libm.a(lib_a-e_asin.o)
                              c:/st/stm32cubeide_1.6.1/stm32cubeide/plugins/com.st.stm32cube.ide.mcu.externaltools.gnu-tools-for-stm32.10.3-2021.10.win32_1.0.0.202111181127/tools/bin/../lib/gcc/arm-none-eabi/10.3.1/../../../../arm-none-eabi/lib/thumb/v7e-m+fp/hard\libm.a(lib_a-w_asin.o) (__ieee754_asin)
c:/st/stm32cubeide_1.6.1/stm32cubeide/plugins/com.st.stm32cube.ide.mcu.externaltools.gnu-tools-for-stm32.10.3-2021.10.win32_1.0.0.202111181127/tools/bin/../lib/gcc/arm-none-eabi/10.3.1/../../../../arm-none-eabi/lib/thumb/v7e-m+fp/hard\libm.a(lib_a-e_rem_pio2.o)
                              c:/st/stm32cubeide_1.6.1/stm32cubeide/plugins/com.st.stm32cube.ide.mcu.externaltools.gnu-tools-for-stm32.10.3-2021.10.win32_1.0.0.202111181127/tools/bin/../lib/gcc/arm-none-eabi/10.3.1/../../../../arm-none-eabi/lib/thumb/v7e-m+fp/hard\libm.a(lib_a-s_sin.o) (__ieee754_rem_pio2)
c:/st/stm32cubeide_1.6.1/stm32cubeide/plugins/com.st.stm32cube.ide.mcu.externaltools.gnu-tools-for-stm32.10.3-2021.10.win32_1.0.0.202111181127/tools/bin/../lib/gcc/arm-none-eabi/10.3.1/../../../../arm-none-eabi/lib/thumb/v7e-m+fp/hard\libm.a(lib_a-e_sqrt.o)
[...]
Memory Configuration

Name             Origin             Length             Attributes
CCMRAM           0x0000000010000000 0x0000000000010000 xrw
RAM              0x0000000020000000 0x0000000000020000 xrw
FLASH            0x0000000008000000 0x0000000000100000 xr
*default*        0x0000000000000000 0xffffffffffffffff

Linker script and memory map

LOAD c:/st/stm32cubeide_1.6.1/stm32cubeide/plugins/com.st.stm32cube.ide.mcu.externaltools.gnu-tools-for-stm32.10.3-2021.10.win32_1.0.0.202111181127/tools/bin/../lib/gcc/arm-none-eabi/10.3.1/thumb/v7e-m+fp/hard/crti.o
LOAD c:/st/stm32cubeide_1.6.1/stm32cubeide/plugins/com.st.stm32cube.ide.mcu.externaltools.gnu-tools-for-stm32.10.3-2021.10.win32_1.0.0.202111181127/tools/bin/../lib/gcc/arm-none-eabi/10.3.1/thumb/v7e-m+fp/hard/crtbegin.o
LOAD c:/st/stm32cubeide_1.6.1/stm32cubeide/plugins/com.st.stm32cube.ide.mcu.externaltools.gnu-tools-for-stm32.10.3-2021.10.win32_1.0.0.202111181127/tools/bin/../lib/gcc/arm-none-eabi/10.3.1/../../../../arm-none-eabi/lib/thumb/v7e-m+fp/hard/crt0.o
LOAD ./Core/Src/gpio.o
LOAD ./Core/Src/i2c.o
LOAD ./Core/Src/main.o
LOAD ./Core/Src/stm32f4xx_hal_msp.o
LOAD ./Core/Src/stm32f4xx_it.o
LOAD ./Core/Src/syscalls.o
LOAD ./Core/Src/sysmem.o
LOAD ./Core/Src/system_stm32f4xx.o
LOAD ./Core/Src/tim.o
LOAD ./Core/Src/usart.o
LOAD ./Core/Startup/startup_stm32f405rgtx.o
LOAD ./Drivers/STM32F4xx_HAL_Driver/Src/stm32f4xx_hal.o
LOAD ./Drivers/STM32F4xx_HAL_Driver/Src/stm32f4xx_hal_cortex.o
LOAD ./Drivers/STM32F4xx_HAL_Driver/Src/stm32f4xx_hal_dma.o
LOAD ./Drivers/STM32F4xx_HAL_Driver/Src/stm32f4xx_hal_dma_ex.o
LOAD ./Drivers/STM32F4xx_HAL_Driver/Src/stm32f4xx_hal_exti.o
LOAD ./Drivers/STM32F4xx_HAL_Driver/Src/stm32f4xx_hal_flash.o
LOAD ./Drivers/STM32F4xx_HAL_Driver/Src/stm32f4xx_hal_flash_ex.o
LOAD ./Drivers/STM32F4xx_HAL_Driver/Src/stm32f4xx_hal_flash_ramfunc.o
LOAD ./Drivers/STM32F4xx_HAL_Driver/Src/stm32f4xx_hal_gpio.o
LOAD ./Drivers/STM32F4xx_HAL_Driver/Src/stm32f4xx_hal_i2c.o
LOAD ./Drivers/STM32F4xx_HAL_Driver/Src/stm32f4xx_hal_i2c_ex.o
LOAD ./Drivers/STM32F4xx_HAL_Driver/Src/stm32f4xx_hal_pwr.o
LOAD ./Drivers/STM32F4xx_HAL_Driver/Src/stm32f4xx_hal_pwr_ex.o
LOAD ./Drivers/STM32F4xx_HAL_Driver/Src/stm32f4xx_hal_rcc.o
LOAD ./Drivers/STM32F4xx_HAL_Driver/Src/stm32f4xx_hal_rcc_ex.o
LOAD ./Drivers/STM32F4xx_HAL_Driver/Src/stm32f4xx_hal_tim.o
LOAD ./Drivers/STM32F4xx_HAL_Driver/Src/stm32f4xx_hal_tim_ex.o
LOAD ./Drivers/STM32F4xx_HAL_Driver/Src/stm32f4xx_hal_uart.o
START GROUP
LOAD c:/st/stm32cubeide_1.6.1/stm32cubeide/plugins/com.st.stm32cube.ide.mcu.externaltools.gnu-tools-for-stm32.10.3-2021.10.win32_1.0.0.202111181127/tools/bin/../lib/gcc/arm-none-eabi/10.3.1/../../../../arm-none-eabi/lib/thumb/v7e-m+fp/hard\libc_nano.a
LOAD c:/st/stm32cubeide_1.6.1/stm32cubeide/plugins/com.st.stm32cube.ide.mcu.externaltools.gnu-tools-for-stm32.10.3-2021.10.win32_1.0.0.202111181127/tools/bin/../lib/gcc/arm-none-eabi/10.3.1/../../../../arm-none-eabi/lib/thumb/v7e-m+fp/hard\libm.a
END GROUP
START GROUP
LOAD c:/st/stm32cubeide_1.6.1/stm32cubeide/plugins/com.st.stm32cube.ide.mcu.externaltools.gnu-tools-for-stm32.10.3-2021.10.win32_1.0.0.202111181127/tools/bin/../lib/gcc/arm-none-eabi/10.3.1/thumb/v7e-m+fp/hard\libgcc.a
LOAD c:/st/stm32cubeide_1.6.1/stm32cubeide/plugins/com.st.stm32cube.ide.mcu.externaltools.gnu-tools-for-stm32.10.3-2021.10.win32_1.0.0.202111181127/tools/bin/../lib/gcc/arm-none-eabi/10.3.1/../../../../arm-none-eabi/lib/thumb/v7e-m+fp/hard\libc_nano.a
END GROUP
START GROUP
LOAD c:/st/stm32cubeide_1.6.1/stm32cubeide/plugins/com.st.stm32cube.ide.mcu.externaltools.gnu-tools-for-stm32.10.3-2021.10.win32_1.0.0.202111181127/tools/bin/../lib/gcc/arm-none-eabi/10.3.1/thumb/v7e-m+fp/hard\libgcc.a
LOAD c:/st/stm32cubeide_1.6.1/stm32cubeide/plugins/com.st.stm32cube.ide.mcu.externaltools.gnu-tools-for-stm32.10.3-2021.10.win32_1.0.0.202111181127/tools/bin/../lib/gcc/arm-none-eabi/10.3.1/../../../../arm-none-eabi/lib/thumb/v7e-m+fp/hard\libc_nano.a
LOAD c:/st/stm32cubeide_1.6.1/stm32cubeide/plugins/com.st.stm32cube.ide.mcu.externaltools.gnu-tools-for-stm32.10.3-2021.10.win32_1.0.0.202111181127/tools/bin/../lib/gcc/arm-none-eabi/10.3.1/../../../../arm-none-eabi/lib/thumb/v7e-m+fp/hard\libnosys.a
END GROUP
START GROUP
LOAD c:/st/stm32cubeide_1.6.1/stm32cubeide/plugins/com.st.stm32cube.ide.mcu.externaltools.gnu-tools-for-stm32.10.3-2021.10.win32_1.0.0.202111181127/tools/bin/../lib/gcc/arm-none-eabi/10.3.1/thumb/v7e-m+fp/hard\libgcc.a
LOAD c:/st/stm32cubeide_1.6.1/stm32cubeide/plugins/com.st.stm32cube.ide.mcu.externaltools.gnu-tools-for-stm32.10.3-2021.10.win32_1.0.0.202111181127/tools/bin/../lib/gcc/arm-none-eabi/10.3.1/../../../../arm-none-eabi/lib/thumb/v7e-m+fp/hard\libc_nano.a
LOAD c:/st/stm32cubeide_1.6.1/stm32cubeide/plugins/com.st.stm32cube.ide.mcu.externaltools.gnu-tools-for-stm32.10.3-2021.10.win32_1.0.0.202111181127/tools/bin/../lib/gcc/arm-none-eabi/10.3.1/../../../../arm-none-eabi/lib/thumb/v7e-m+fp/hard\libnosys.a
END GROUP
LOAD c:/st/stm32cubeide_1.6.1/stm32cubeide/plugins/com.st.stm32cube.ide.mcu.externaltools.gnu-tools-for-stm32.10.3-2021.10.win32_1.0.0.202111181127/tools/bin/../lib/gcc/arm-none-eabi/10.3.1/thumb/v7e-m+fp/hard/crtend.o
LOAD c:/st/stm32cubeide_1.6.1/stm32cubeide/plugins/com.st.stm32cube.ide.mcu.externaltools.gnu-tools-for-stm32.10.3-2021.10.win32_1.0.0.202111181127/tools/bin/../lib/gcc/arm-none-eabi/10.3.1/thumb/v7e-m+fp/hard/crtn.o
                0x0000000020020000                _estack = (ORIGIN (RAM) + LENGTH (RAM))
                0x0000000000000200                _Min_Heap_Size = 0x200
                0x0000000000000400                _Min_Stack_Size = 0x400

.isr_vector     0x0000000008000000      0x188
                0x0000000008000000                . = ALIGN (0x4)
 *(.isr_vector)
 .isr_vector    0x0000000008000000      0x188 ./Core/Startup/startup_stm32f405rgtx.o
                0x0000000008000000                g_pfnVectors
                0x0000000008000188                . = ALIGN (0x4)

.text           0x0000000008000188     0x806c
                0x0000000008000188                . = ALIGN (0x4)
 *(.text)
 .text          0x0000000008000188       0x40 c:/st/stm32cubeide_1.6.1/stm32cubeide/plugins/com.st.stm32cube.ide.mcu.externaltools.gnu-tools-for-stm32.10.3-2021.10.win32_1.0.0.202111181127/tools/bin/../lib/gcc/arm-none-eabi/10.3.1/thumb/v7e-m+fp/hard/crtbegin.o
 .text          0x00000000080001c8      0x378 c:/st/stm32cubeide_1.6.1/stm32cubeide/plugins/com.st.stm32cube.ide.mcu.externaltools.gnu-tools-for-stm32.10.3-2021.10.win32_1.0.0.202111181127/tools/bin/../lib/gcc/arm-none-eabi/10.3.1/thumb/v7e-m+fp/hard\libgcc.a(_arm_addsubdf3.o)
                0x00000000080001c8                __aeabi_drsub
                0x00000000080001d0                __aeabi_dsub
                0x00000000080001d0                __subdf3
                0x00000000080001d4                __aeabi_dadd
                0x00000000080001d4                __adddf3
                0x000000000800044c                __floatunsidf
                0x000000000800044c                __aeabi_ui2d
                0x000000000800046c                __floatsidf
                0x000000000800046c                __aeabi_i2d
                0x0000000008000490                __aeabi_f2d
                0x0000000008000490                __extendsfdf2
                0x00000000080004d4                __floatundidf
                0x00000000080004d4                __aeabi_ul2d
                0x00000000080004e4                __floatdidf
                0x00000000080004e4                __aeabi_l2d
 .text          0x0000000008000540      0x424 c:/st/stm32cubeide_1.6.1/stm32cubeide/plugins/com.st.stm32cube.ide.mcu.externaltools.gnu-tools-for-stm32.10.3-2021.10.win32_1.0.0.202111181127/tools/bin/../lib/gcc/arm-none-eabi/10.3.1/thumb/v7e-m+fp/hard\libgcc.a(_arm_muldivdf3.o)
                0x0000000008000540                __aeabi_dmul
                0x0000000008000540                __muldf3
                0x0000000008000794                __divdf3
                0x0000000008000794                __aeabi_ddiv
 .text          0x0000000008000964      0x110 c:/st/stm32cubeide_1.6.1/stm32cubeide/plugins/com.st.stm32cube.ide.mcu.externaltools.gnu-tools-for-stm32.10.3-2021.10.win32_1.0.0.202111181127/tools/bin/../lib/gcc/arm-none-eabi/10.3.1/thumb/v7e-m+fp/hard\libgcc.a(_arm_cmpdf2.o)
                0x0000000008000964                __gtdf2
                0x0000000008000964                __gedf2
                0x000000000800096c                __ltdf2
                0x000000000800096c                __ledf2
                0x0000000008000974                __nedf2
                0x0000000008000974                __eqdf2
                0x0000000008000974                __cmpdf2
                0x00000000080009f0                __aeabi_cdrcmple
                0x0000000008000a00                __aeabi_cdcmpeq
                0x0000000008000a00                __aeabi_cdcmple
                0x0000000008000a10                __aeabi_dcmpeq
                0x0000000008000a24                __aeabi_dcmplt
                0x0000000008000a38                __aeabi_dcmple
                0x0000000008000a4c                __aeabi_dcmpge
                0x0000000008000a60                __aeabi_dcmpgt
 .text          0x0000000008000a74       0x2c c:/st/stm32cubeide_1.6.1/stm32cubeide/plugins/com.st.stm32cube.ide.mcu.externaltools.gnu-tools-for-stm32.10.3-2021.10.win32_1.0.0.202111181127/tools/bin/../lib/gcc/arm-none-eabi/10.3.1/thumb/v7e-m+fp/hard\libgcc.a(_arm_unorddf2.o)
                0x0000000008000a74                __unorddf2
                0x0000000008000a74                __aeabi_dcmpun
 .text          0x0000000008000aa0       0x50 c:/st/stm32cubeide_1.6.1/stm32cubeide/plugins/com.st.stm32cube.ide.mcu.externaltools.gnu-tools-for-stm32.10.3-2021.10.win32_1.0.0.202111181127/tools/bin/../lib/gcc/arm-none-eabi/10.3.1/thumb/v7e-m+fp/hard\libgcc.a(_arm_fixdfsi.o)
                0x0000000008000aa0                __aeabi_d2iz
                0x0000000008000aa0                __fixdfsi
 .text          0x0000000008000af0       0xa0 c:/st/stm32cubeide_1.6.1/stm32cubeide/plugins/com.st.stm32cube.ide.mcu.externaltools.gnu-tools-for-stm32.10.3-2021.10.win32_1.0.0.202111181127/tools/bin/../lib/gcc/arm-none-eabi/10.3.1/thumb/v7e-m+fp/hard\libgcc.a(_arm_truncdfsf2.o)
                0x0000000008000af0                __truncdfsf2
                0x0000000008000af0                __aeabi_d2f
 .text          0x0000000008000b90       0x30 c:/st/stm32cubeide_1.6.1/stm32cubeide/plugins/com.st.stm32cube.ide.mcu.externaltools.gnu-tools-for-stm32.10.3-2021.10.win32_1.0.0.202111181127/tools/bin/../lib/gcc/arm-none-eabi/10.3.1/thumb/v7e-m+fp/hard\libgcc.a(_aeabi_uldivmod.o)
                0x0000000008000b90                __aeabi_uldivmod
 .text          0x0000000008000bc0      0x2d0 c:/st/stm32cubeide_1.6.1/stm32cubeide/plugins/com.st.stm32cube.ide.mcu.externaltools.gnu-tools-for-stm32.10.3-2021.10.win32_1.0.0.202111181127/tools/bin/../lib/gcc/arm-none-eabi/10.3.1/thumb/v7e-m+fp/hard\libgcc.a(_udivmoddi4.o)
                0x0000000008000bc0                __udivmoddi4
 .text          0x0000000008000e90        0x4 c:/st/stm32cubeide_1.6.1/stm32cubeide/plugins/com.st.stm32cube.ide.mcu.externaltools.gnu-tools-for-stm32.10.3-2021.10.win32_1.0.0.202111181127/tools/bin/../lib/gcc/arm-none-eabi/10.3.1/thumb/v7e-m+fp/hard\libgcc.a(_dvmd_tls.o)
                0x0000000008000e90                __aeabi_idiv0
                0x0000000008000e90                __aeabi_ldiv0
 *(.text*)
 .text.MX_GPIO_Init
                0x0000000008000e94      0x11c ./Core/Src/gpio.o
                0x0000000008000e94                MX_GPIO_Init
 .text.MX_I2C1_Init
                0x0000000008000fb0       0x5c ./Core/Src/i2c.o
                0x0000000008000fb0                MX_I2C1_Init
 .text.HAL_I2C_MspInit
                0x000000000800100c       0x90 ./Core/Src/i2c.o
                0x000000000800100c                HAL_I2C_MspInit
 .text.gyro_setup
                0x000000000800109c      0x10c ./Core/Src/main.o
                0x000000000800109c                gyro_setup
 .text.gyro_get_data
                0x00000000080011a8       0xec ./Core/Src/main.o
                0x00000000080011a8                gyro_get_data
 .text.gyro_cal
                0x0000000008001294       0xdc ./Core/Src/main.o
                0x0000000008001294                gyro_cal
 .text.main     0x0000000008001370      0xfcc ./Core/Src/main.o
                0x0000000008001370                main
 .text.SystemClock_Config
                0x000000000800233c       0xd4 ./Core/Src/main.o
                0x000000000800233c                SystemClock_Config
 .text.HAL_GPIO_EXTI_Callback
                0x0000000008002410       0x80 ./Core/Src/main.o
                0x0000000008002410                HAL_GPIO_EXTI_Callback
 .text.Error_Handler
                0x0000000008002490        0xa ./Core/Src/main.o
                0x0000000008002490                Error_Handler
 *fill*         0x000000000800249a        0x2 
 .text.HAL_MspInit
                0x000000000800249c       0x50 ./Core/Src/stm32f4xx_hal_msp.o
                0x000000000800249c                HAL_MspInit
 .text.NMI_Handler
                0x00000000080024ec        0x6 ./Core/Src/stm32f4xx_it.o
                0x00000000080024ec                NMI_Handler
 .text.HardFault_Handler
                0x00000000080024f2        0x6 ./Core/Src/stm32f4xx_it.o
                0x00000000080024f2                HardFault_Handler
 .text.MemManage_Handler
                0x00000000080024f8        0x6 ./Core/Src/stm32f4xx_it.o
                0x00000000080024f8                MemManage_Handler
 .text.BusFault_Handler
                0x00000000080024fe        0x6 ./Core/Src/stm32f4xx_it.o
                0x00000000080024fe                BusFault_Handler
 .text.UsageFault_Handler
                0x0000000008002504        0x6 ./Core/Src/stm32f4xx_it.o
                0x0000000008002504                UsageFault_Handler
 .text.SVC_Handler
                0x000000000800250a        0xe ./Core/Src/stm32f4xx_it.o
                0x000000000800250a                SVC_Handler
 .text.DebugMon_Handler
                0x0000000008002518        0xe ./Core/Src/stm32f4xx_it.o
                0x0000000008002518                DebugMon_Handler
 .text.PendSV_Handler
                0x0000000008002526        0xe ./Core/Src/stm32f4xx_it.o
                0x0000000008002526                PendSV_Handler
 .text.SysTick_Handler
                0x0000000008002534        0xc ./Core/Src/stm32f4xx_it.o
                0x0000000008002534                SysTick_Handler
 .text.EXTI9_5_IRQHandler
                0x0000000008002540       0x10 ./Core/Src/stm32f4xx_it.o
                0x0000000008002540                EXTI9_5_IRQHandler
 .text.TIM1_UP_TIM10_IRQHandler
                0x0000000008002550       0x14 ./Core/Src/stm32f4xx_it.o
                0x0000000008002550                TIM1_UP_TIM10_IRQHandler
 .text.UART4_IRQHandler
                0x0000000008002564       0x14 ./Core/Src/stm32f4xx_it.o
                0x0000000008002564                UART4_IRQHandler
 .text.SystemInit
                0x0000000008002578       0x24 ./Core/Src/system_stm32f4xx.o
                0x0000000008002578                SystemInit
 .text.MX_TIM5_Init
                0x000000000800259c      0x130 ./Core/Src/tim.o
                0x000000000800259c                MX_TIM5_Init
 .text.MX_TIM10_Init
                0x00000000080026cc       0x44 ./Core/Src/tim.o
                0x00000000080026cc                MX_TIM10_Init
 .text.MX_TIM13_Init
                0x0000000008002710       0x48 ./Core/Src/tim.o
                0x0000000008002710                MX_TIM13_Init
 .text.MX_TIM14_Init
                0x0000000008002758       0x48 ./Core/Src/tim.o
                0x0000000008002758                MX_TIM14_Init
 .text.HAL_TIM_Base_MspInit
                0x00000000080027a0       0xd4 ./Core/Src/tim.o
                0x00000000080027a0                HAL_TIM_Base_MspInit
 .text.HAL_TIM_MspPostInit
                0x0000000008002874       0x74 ./Core/Src/tim.o
                0x0000000008002874                HAL_TIM_MspPostInit
 .text.MX_UART4_Init
                0x00000000080028e8       0x54 ./Core/Src/usart.o
                0x00000000080028e8                MX_UART4_Init
 .text.MX_USART1_UART_Init
                0x000000000800293c       0x54 ./Core/Src/usart.o
                0x000000000800293c                MX_USART1_UART_Init
 .text.HAL_UART_MspInit
                0x0000000008002990      0x10c ./Core/Src/usart.o
                0x0000000008002990                HAL_UART_MspInit
 .text.Reset_Handler
                0x0000000008002a9c       0x50 ./Core/Startup/startup_stm32f405rgtx.o
                0x0000000008002a9c                Reset_Handler
 .text.Default_Handler
                0x0000000008002aec        0x2 ./Core/Startup/startup_stm32f405rgtx.o
                0x0000000008002aec                RTC_Alarm_IRQHandler
                0x0000000008002aec                HASH_RNG_IRQHandler
                0x0000000008002aec                EXTI2_IRQHandler
                0x0000000008002aec                TIM8_CC_IRQHandler
                0x0000000008002aec                TIM1_CC_IRQHandler
                0x0000000008002aec                DMA2_Stream5_IRQHandler
                0x0000000008002aec                DMA1_Stream5_IRQHandler
                0x0000000008002aec                PVD_IRQHandler
                0x0000000008002aec                SDIO_IRQHandler
                0x0000000008002aec                TAMP_STAMP_IRQHandler
                0x0000000008002aec                CAN2_RX1_IRQHandler
                0x0000000008002aec                EXTI3_IRQHandler
                0x0000000008002aec                TIM8_TRG_COM_TIM14_IRQHandler
                0x0000000008002aec                TIM8_UP_TIM13_IRQHandler
                0x0000000008002aec                I2C3_ER_IRQHandler
                0x0000000008002aec                EXTI0_IRQHandler
                0x0000000008002aec                I2C2_EV_IRQHandler
                0x0000000008002aec                DMA1_Stream2_IRQHandler
                0x0000000008002aec                CAN1_RX0_IRQHandler
                0x0000000008002aec                FPU_IRQHandler
                0x0000000008002aec                OTG_HS_WKUP_IRQHandler
                0x0000000008002aec                CAN2_SCE_IRQHandler
                0x0000000008002aec                DMA2_Stream2_IRQHandler
                0x0000000008002aec                SPI1_IRQHandler
                0x0000000008002aec                TIM6_DAC_IRQHandler
                0x0000000008002aec                TIM1_BRK_TIM9_IRQHandler
                0x0000000008002aec                CAN2_RX0_IRQHandler
                0x0000000008002aec                DMA2_Stream3_IRQHandler
                0x0000000008002aec                USART6_IRQHandler
                0x0000000008002aec                USART3_IRQHandler
                0x0000000008002aec                CAN1_RX1_IRQHandler
                0x0000000008002aec                UART5_IRQHandler
                0x0000000008002aec                DMA2_Stream0_IRQHandler
                0x0000000008002aec                TIM4_IRQHandler
                0x0000000008002aec                I2C1_EV_IRQHandler
                0x0000000008002aec                DMA1_Stream6_IRQHandler
                0x0000000008002aec                DMA1_Stream1_IRQHandler
                0x0000000008002aec                TIM3_IRQHandler
                0x0000000008002aec                RCC_IRQHandler
                0x0000000008002aec                TIM8_BRK_TIM12_IRQHandler
                0x0000000008002aec                Default_Handler
                0x0000000008002aec                EXTI15_10_IRQHandler
                0x0000000008002aec                ADC_IRQHandler
                0x0000000008002aec                DMA1_Stream7_IRQHandler
                0x0000000008002aec                TIM7_IRQHandler
                0x0000000008002aec                CAN2_TX_IRQHandler
                0x0000000008002aec                TIM5_IRQHandler
                0x0000000008002aec                DMA2_Stream7_IRQHandler
                0x0000000008002aec                I2C3_EV_IRQHandler
                0x0000000008002aec                RTC_WKUP_IRQHandler
                0x0000000008002aec                SPI2_IRQHandler
                0x0000000008002aec                OTG_HS_EP1_IN_IRQHandler
                0x0000000008002aec                DMA1_Stream0_IRQHandler
                0x0000000008002aec                CAN1_TX_IRQHandler
                0x0000000008002aec                EXTI4_IRQHandler
                0x0000000008002aec                FSMC_IRQHandler
                0x0000000008002aec                OTG_HS_EP1_OUT_IRQHandler
                0x0000000008002aec                WWDG_IRQHandler
                0x0000000008002aec                TIM2_IRQHandler
                0x0000000008002aec                OTG_FS_WKUP_IRQHandler
                0x0000000008002aec                TIM1_TRG_COM_TIM11_IRQHandler
                0x0000000008002aec                OTG_HS_IRQHandler
                0x0000000008002aec                EXTI1_IRQHandler
                0x0000000008002aec                USART2_IRQHandler
                0x0000000008002aec                I2C2_ER_IRQHandler
                0x0000000008002aec                DMA2_Stream1_IRQHandler
                0x0000000008002aec                CAN1_SCE_IRQHandler
                0x0000000008002aec                FLASH_IRQHandler
                0x0000000008002aec                DMA2_Stream4_IRQHandler
                0x0000000008002aec                USART1_IRQHandler
                0x0000000008002aec                OTG_FS_IRQHandler
                0x0000000008002aec                SPI3_IRQHandler
                0x0000000008002aec                DMA1_Stream4_IRQHandler
                0x0000000008002aec                I2C1_ER_IRQHandler
                0x0000000008002aec                DMA2_Stream6_IRQHandler
                0x0000000008002aec                DMA1_Stream3_IRQHandler
 *fill*         0x0000000008002aee        0x2 
 .text.HAL_Init
                0x0000000008002af0       0x44 ./Drivers/STM32F4xx_HAL_Driver/Src/stm32f4xx_hal.o
                0x0000000008002af0                HAL_Init
 .text.HAL_InitTick
                0x0000000008002b34       0x60 ./Drivers/STM32F4xx_HAL_Driver/Src/stm32f4xx_hal.o
                0x0000000008002b34                HAL_InitTick
 .text.HAL_IncTick
                0x0000000008002b94       0x28 ./Drivers/STM32F4xx_HAL_Driver/Src/stm32f4xx_hal.o
                0x0000000008002b94                HAL_IncTick
 .text.HAL_GetTick
                0x0000000008002bbc       0x18 ./Drivers/STM32F4xx_HAL_Driver/Src/stm32f4xx_hal.o
                0x0000000008002bbc                HAL_GetTick
 .text.HAL_Delay
                0x0000000008002bd4       0x48 ./Drivers/STM32F4xx_HAL_Driver/Src/stm32f4xx_hal.o
                0x0000000008002bd4                HAL_Delay
 .text.__NVIC_SetPriorityGrouping
                0x0000000008002c1c       0x48 ./Drivers/STM32F4xx_HAL_Driver/Src/stm32f4xx_hal_cortex.o
 .text.__NVIC_GetPriorityGrouping
                0x0000000008002c64       0x1c ./Drivers/STM32F4xx_HAL_Driver/Src/stm32f4xx_hal_cortex.o
 .text.__NVIC_EnableIRQ
                0x0000000008002c80       0x3c ./Drivers/STM32F4xx_HAL_Driver/Src/stm32f4xx_hal_cortex.o
 .text.__NVIC_SetPriority
                0x0000000008002cbc       0x54 ./Drivers/STM32F4xx_HAL_Driver/Src/stm32f4xx_hal_cortex.o
 .text.NVIC_EncodePriority
                0x0000000008002d10       0x66 ./Drivers/STM32F4xx_HAL_Driver/Src/stm32f4xx_hal_cortex.o
 *fill*         0x0000000008002d76        0x2 
 .text.SysTick_Config
                0x0000000008002d78       0x44 ./Drivers/STM32F4xx_HAL_Driver/Src/stm32f4xx_hal_cortex.o
 .text.HAL_NVIC_SetPriorityGrouping
                0x0000000008002dbc       0x16 ./Drivers/STM32F4xx_HAL_Driver/Src/stm32f4xx_hal_cortex.o
                0x0000000008002dbc                HAL_NVIC_SetPriorityGrouping
 .text.HAL_NVIC_SetPriority
                0x0000000008002dd2       0x38 ./Drivers/STM32F4xx_HAL_Driver/Src/stm32f4xx_hal_cortex.o
                0x0000000008002dd2                HAL_NVIC_SetPriority
 .text.HAL_NVIC_EnableIRQ
                0x0000000008002e0a       0x1c ./Drivers/STM32F4xx_HAL_Driver/Src/stm32f4xx_hal_cortex.o
                0x0000000008002e0a                HAL_NVIC_EnableIRQ
 .text.HAL_SYSTICK_Config
                0x0000000008002e26       0x18 ./Drivers/STM32F4xx_HAL_Driver/Src/stm32f4xx_hal_cortex.o
                0x0000000008002e26                HAL_SYSTICK_Config
 .text.HAL_DMA_Abort
                0x0000000008002e3e       0xe0 ./Drivers/STM32F4xx_HAL_Driver/Src/stm32f4xx_hal_dma.o
                0x0000000008002e3e                HAL_DMA_Abort
 .text.HAL_DMA_Abort_IT
                0x0000000008002f1e       0x44 ./Drivers/STM32F4xx_HAL_Driver/Src/stm32f4xx_hal_dma.o
                0x0000000008002f1e                HAL_DMA_Abort_IT
 *fill*         0x0000000008002f62        0x2 
 .text.HAL_GPIO_Init
                0x0000000008002f64      0x338 ./Drivers/STM32F4xx_HAL_Driver/Src/stm32f4xx_hal_gpio.o
                0x0000000008002f64                HAL_GPIO_Init
 .text.HAL_GPIO_WritePin
                0x000000000800329c       0x32 ./Drivers/STM32F4xx_HAL_Driver/Src/stm32f4xx_hal_gpio.o
                0x000000000800329c                HAL_GPIO_WritePin
 .text.HAL_GPIO_TogglePin
                0x00000000080032ce       0x34 ./Drivers/STM32F4xx_HAL_Driver/Src/stm32f4xx_hal_gpio.o
                0x00000000080032ce                HAL_GPIO_TogglePin
 *fill*         0x0000000008003302        0x2 
 .text.HAL_GPIO_EXTI_IRQHandler
                0x0000000008003304       0x30 ./Drivers/STM32F4xx_HAL_Driver/Src/stm32f4xx_hal_gpio.o
                0x0000000008003304                HAL_GPIO_EXTI_IRQHandler
 .text.HAL_I2C_Init
                0x0000000008003334      0x288 ./Drivers/STM32F4xx_HAL_Driver/Src/stm32f4xx_hal_i2c.o
                0x0000000008003334                HAL_I2C_Init
 .text.HAL_I2C_Mem_Write
                0x00000000080035bc      0x1f4 ./Drivers/STM32F4xx_HAL_Driver/Src/stm32f4xx_hal_i2c.o
                0x00000000080035bc                HAL_I2C_Mem_Write
 .text.HAL_I2C_Mem_Read
                0x00000000080037b0      0x44c ./Drivers/STM32F4xx_HAL_Driver/Src/stm32f4xx_hal_i2c.o
                0x00000000080037b0                HAL_I2C_Mem_Read
 .text.I2C_RequestMemoryWrite
                0x0000000008003bfc      0x12c ./Drivers/STM32F4xx_HAL_Driver/Src/stm32f4xx_hal_i2c.o
 .text.I2C_RequestMemoryRead
                0x0000000008003d28      0x1d0 ./Drivers/STM32F4xx_HAL_Driver/Src/stm32f4xx_hal_i2c.o
 .text.I2C_WaitOnFlagUntilTimeout
                0x0000000008003ef8       0xae ./Drivers/STM32F4xx_HAL_Driver/Src/stm32f4xx_hal_i2c.o
 .text.I2C_WaitOnMasterAddressFlagUntilTimeout
                0x0000000008003fa6       0xfe ./Drivers/STM32F4xx_HAL_Driver/Src/stm32f4xx_hal_i2c.o
 .text.I2C_WaitOnTXEFlagUntilTimeout
                0x00000000080040a4       0x82 ./Drivers/STM32F4xx_HAL_Driver/Src/stm32f4xx_hal_i2c.o
 .text.I2C_WaitOnBTFFlagUntilTimeout
                0x0000000008004126       0x82 ./Drivers/STM32F4xx_HAL_Driver/Src/stm32f4xx_hal_i2c.o
 .text.I2C_WaitOnRXNEFlagUntilTimeout
                0x00000000080041a8       0xac ./Drivers/STM32F4xx_HAL_Driver/Src/stm32f4xx_hal_i2c.o
 .text.I2C_IsAcknowledgeFailed
                0x0000000008004254       0x5e ./Drivers/STM32F4xx_HAL_Driver/Src/stm32f4xx_hal_i2c.o
 *fill*         0x00000000080042b2        0x2 
 .text.HAL_RCC_OscConfig
                0x00000000080042b4      0x4f0 ./Drivers/STM32F4xx_HAL_Driver/Src/stm32f4xx_hal_rcc.o
                0x00000000080042b4                HAL_RCC_OscConfig
 .text.HAL_RCC_ClockConfig
                0x00000000080047a4      0x1cc ./Drivers/STM32F4xx_HAL_Driver/Src/stm32f4xx_hal_rcc.o
                0x00000000080047a4                HAL_RCC_ClockConfig
 .text.HAL_RCC_GetSysClockFreq
                0x0000000008004970      0x208 ./Drivers/STM32F4xx_HAL_Driver/Src/stm32f4xx_hal_rcc.o
                0x0000000008004970                HAL_RCC_GetSysClockFreq
 .text.HAL_RCC_GetHCLKFreq
                0x0000000008004b78       0x18 ./Drivers/STM32F4xx_HAL_Driver/Src/stm32f4xx_hal_rcc.o
                0x0000000008004b78                HAL_RCC_GetHCLKFreq
 .text.HAL_RCC_GetPCLK1Freq
                0x0000000008004b90       0x28 ./Drivers/STM32F4xx_HAL_Driver/Src/stm32f4xx_hal_rcc.o
                0x0000000008004b90                HAL_RCC_GetPCLK1Freq
 .text.HAL_RCC_GetPCLK2Freq
                0x0000000008004bb8       0x28 ./Drivers/STM32F4xx_HAL_Driver/Src/stm32f4xx_hal_rcc.o
                0x0000000008004bb8                HAL_RCC_GetPCLK2Freq
 .text.HAL_TIM_Base_Init
                0x0000000008004be0       0x9e ./Drivers/STM32F4xx_HAL_Driver/Src/stm32f4xx_hal_tim.o
                0x0000000008004be0                HAL_TIM_Base_Init
 *fill*         0x0000000008004c7e        0x2 
 .text.HAL_TIM_Base_Start
                0x0000000008004c80       0xd0 ./Drivers/STM32F4xx_HAL_Driver/Src/stm32f4xx_hal_tim.o
                0x0000000008004c80                HAL_TIM_Base_Start
 .text.HAL_TIM_PWM_Init
                0x0000000008004d50       0x9e ./Drivers/STM32F4xx_HAL_Driver/Src/stm32f4xx_hal_tim.o
                0x0000000008004d50                HAL_TIM_PWM_Init
 .text.HAL_TIM_PWM_MspInit
                0x0000000008004dee       0x14 ./Drivers/STM32F4xx_HAL_Driver/Src/stm32f4xx_hal_tim.o
                0x0000000008004dee                HAL_TIM_PWM_MspInit
 *fill*         0x0000000008004e02        0x2 
 .text.HAL_TIM_PWM_Start
                0x0000000008004e04      0x190 ./Drivers/STM32F4xx_HAL_Driver/Src/stm32f4xx_hal_tim.o
                0x0000000008004e04                HAL_TIM_PWM_Start
 .text.HAL_TIM_IRQHandler
                0x0000000008004f94      0x210 ./Drivers/STM32F4xx_HAL_Driver/Src/stm32f4xx_hal_tim.o
                0x0000000008004f94                HAL_TIM_IRQHandler
 .text.HAL_TIM_PWM_ConfigChannel
                0x00000000080051a4      0x184 ./Drivers/STM32F4xx_HAL_Driver/Src/stm32f4xx_hal_tim.o
                0x00000000080051a4                HAL_TIM_PWM_ConfigChannel
 .text.HAL_TIM_ConfigClockSource
                0x0000000008005328      0x18e ./Drivers/STM32F4xx_HAL_Driver/Src/stm32f4xx_hal_tim.o
                0x0000000008005328                HAL_TIM_ConfigClockSource
 .text.HAL_TIM_PeriodElapsedCallback
                0x00000000080054b6       0x14 ./Drivers/STM32F4xx_HAL_Driver/Src/stm32f4xx_hal_tim.o
                0x00000000080054b6                HAL_TIM_PeriodElapsedCallback
 .text.HAL_TIM_OC_DelayElapsedCallback
                0x00000000080054ca       0x14 ./Drivers/STM32F4xx_HAL_Driver/Src/stm32f4xx_hal_tim.o
                0x00000000080054ca                HAL_TIM_OC_DelayElapsedCallback
 .text.HAL_TIM_IC_CaptureCallback
                0x00000000080054de       0x14 ./Drivers/STM32F4xx_HAL_Driver/Src/stm32f4xx_hal_tim.o
                0x00000000080054de                HAL_TIM_IC_CaptureCallback
 .text.HAL_TIM_PWM_PulseFinishedCallback
                0x00000000080054f2       0x14 ./Drivers/STM32F4xx_HAL_Driver/Src/stm32f4xx_hal_tim.o
                0x00000000080054f2                HAL_TIM_PWM_PulseFinishedCallback
 .text.HAL_TIM_TriggerCallback
                0x0000000008005506       0x14 ./Drivers/STM32F4xx_HAL_Driver/Src/stm32f4xx_hal_tim.o
                0x0000000008005506                HAL_TIM_TriggerCallback
 *fill*         0x000000000800551a        0x2 
 .text.TIM_Base_SetConfig
                0x000000000800551c      0x140 ./Drivers/STM32F4xx_HAL_Driver/Src/stm32f4xx_hal_tim.o
                0x000000000800551c                TIM_Base_SetConfig
 .text.TIM_OC1_SetConfig
                0x000000000800565c       0xe0 ./Drivers/STM32F4xx_HAL_Driver/Src/stm32f4xx_hal_tim.o
 .text.TIM_OC2_SetConfig
                0x000000000800573c       0xec ./Drivers/STM32F4xx_HAL_Driver/Src/stm32f4xx_hal_tim.o
                0x000000000800573c                TIM_OC2_SetConfig
 .text.TIM_OC3_SetConfig
                0x0000000008005828       0xe8 ./Drivers/STM32F4xx_HAL_Driver/Src/stm32f4xx_hal_tim.o
 .text.TIM_OC4_SetConfig
                0x0000000008005910       0xac ./Drivers/STM32F4xx_HAL_Driver/Src/stm32f4xx_hal_tim.o
 .text.TIM_TI1_ConfigInputStage
                0x00000000080059bc       0x5e ./Drivers/STM32F4xx_HAL_Driver/Src/stm32f4xx_hal_tim.o
 .text.TIM_TI2_ConfigInputStage
                0x0000000008005a1a       0x60 ./Drivers/STM32F4xx_HAL_Driver/Src/stm32f4xx_hal_tim.o
 .text.TIM_ITRx_SetConfig
                0x0000000008005a7a       0x36 ./Drivers/STM32F4xx_HAL_Driver/Src/stm32f4xx_hal_tim.o
 .text.TIM_ETR_SetConfig
                0x0000000008005ab0       0x40 ./Drivers/STM32F4xx_HAL_Driver/Src/stm32f4xx_hal_tim.o
                0x0000000008005ab0                TIM_ETR_SetConfig
 .text.TIM_CCxChannelCmd
                0x0000000008005af0       0x4a ./Drivers/STM32F4xx_HAL_Driver/Src/stm32f4xx_hal_tim.o
                0x0000000008005af0                TIM_CCxChannelCmd
 *fill*         0x0000000008005b3a        0x2 
 .text.HAL_TIMEx_MasterConfigSynchronization
                0x0000000008005b3c       0xf8 ./Drivers/STM32F4xx_HAL_Driver/Src/stm32f4xx_hal_tim_ex.o
                0x0000000008005b3c                HAL_TIMEx_MasterConfigSynchronization
 .text.HAL_TIMEx_CommutCallback
                0x0000000008005c34       0x14 ./Drivers/STM32F4xx_HAL_Driver/Src/stm32f4xx_hal_tim_ex.o
                0x0000000008005c34                HAL_TIMEx_CommutCallback
 .text.HAL_TIMEx_BreakCallback
                0x0000000008005c48       0x14 ./Drivers/STM32F4xx_HAL_Driver/Src/stm32f4xx_hal_tim_ex.o
                0x0000000008005c48                HAL_TIMEx_BreakCallback
 .text.HAL_UART_Init
                0x0000000008005c5c       0x9a ./Drivers/STM32F4xx_HAL_Driver/Src/stm32f4xx_hal_uart.o
                0x0000000008005c5c                HAL_UART_Init
 *fill*         0x0000000008005cf6        0x2 
 .text.HAL_UART_IRQHandler
                0x0000000008005cf8      0x51c ./Drivers/STM32F4xx_HAL_Driver/Src/stm32f4xx_hal_uart.o
                0x0000000008005cf8                HAL_UART_IRQHandler
 .text.HAL_UART_TxCpltCallback
                0x0000000008006214       0x14 ./Drivers/STM32F4xx_HAL_Driver/Src/stm32f4xx_hal_uart.o
                0x0000000008006214                HAL_UART_TxCpltCallback
 .text.HAL_UART_RxCpltCallback
                0x0000000008006228       0x14 ./Drivers/STM32F4xx_HAL_Driver/Src/stm32f4xx_hal_uart.o
                0x0000000008006228                HAL_UART_RxCpltCallback
 .text.HAL_UART_ErrorCallback
                0x000000000800623c       0x14 ./Drivers/STM32F4xx_HAL_Driver/Src/stm32f4xx_hal_uart.o
                0x000000000800623c                HAL_UART_ErrorCallback
 .text.HAL_UARTEx_RxEventCallback
                0x0000000008006250       0x18 ./Drivers/STM32F4xx_HAL_Driver/Src/stm32f4xx_hal_uart.o
                0x0000000008006250                HAL_UARTEx_RxEventCallback
 .text.UART_EndRxTransfer
                0x0000000008006268       0xc6 ./Drivers/STM32F4xx_HAL_Driver/Src/stm32f4xx_hal_uart.o
 .text.UART_DMAAbortOnError
                0x000000000800632e       0x28 ./Drivers/STM32F4xx_HAL_Driver/Src/stm32f4xx_hal_uart.o
 .text.UART_Transmit_IT
                0x0000000008006356       0xa0 ./Drivers/STM32F4xx_HAL_Driver/Src/stm32f4xx_hal_uart.o
 .text.UART_EndTransmit_IT
                0x00000000080063f6       0x30 ./Drivers/STM32F4xx_HAL_Driver/Src/stm32f4xx_hal_uart.o
 .text.UART_Receive_IT
                0x0000000008006426      0x176 ./Drivers/STM32F4xx_HAL_Driver/Src/stm32f4xx_hal_uart.o
 .text.UART_SetConfig
                0x000000000800659c      0x4e8 ./Drivers/STM32F4xx_HAL_Driver/Src/stm32f4xx_hal_uart.o
 .text.__errno  0x0000000008006a84        0xc c:/st/stm32cubeide_1.6.1/stm32cubeide/plugins/com.st.stm32cube.ide.mcu.externaltools.gnu-tools-for-stm32.10.3-2021.10.win32_1.0.0.202111181127/tools/bin/../lib/gcc/arm-none-eabi/10.3.1/../../../../arm-none-eabi/lib/thumb/v7e-m+fp/hard\libc_nano.a(lib_a-errno.o)
                0x0000000008006a84                __errno
 .text.__libc_init_array
                0x0000000008006a90       0x48 c:/st/stm32cubeide_1.6.1/stm32cubeide/plugins/com.st.stm32cube.ide.mcu.externaltools.gnu-tools-for-stm32.10.3-2021.10.win32_1.0.0.202111181127/tools/bin/../lib/gcc/arm-none-eabi/10.3.1/../../../../arm-none-eabi/lib/thumb/v7e-m+fp/hard\libc_nano.a(lib_a-init.o)
                0x0000000008006a90                __libc_init_array
 .text.memset   0x0000000008006ad8       0x10 c:/st/stm32cubeide_1.6.1/stm32cubeide/plugins/com.st.stm32cube.ide.mcu.externaltools.gnu-tools-for-stm32.10.3-2021.10.win32_1.0.0.202111181127/tools/bin/../lib/gcc/arm-none-eabi/10.3.1/../../../../arm-none-eabi/lib/thumb/v7e-m+fp/hard\libc_nano.a(lib_a-memset.o)
                0x0000000008006ad8                memset
 .text.sin      0x0000000008006ae8       0xb0 c:/st/stm32cubeide_1.6.1/stm32cubeide/plugins/com.st.stm32cube.ide.mcu.externaltools.gnu-tools-for-stm32.10.3-2021.10.win32_1.0.0.202111181127/tools/bin/../lib/gcc/arm-none-eabi/10.3.1/../../../../arm-none-eabi/lib/thumb/v7e-m+fp/hard\libm.a(lib_a-s_sin.o)
                0x0000000008006ae8                sin
 .text.asin     0x0000000008006b98       0x68 c:/st/stm32cubeide_1.6.1/stm32cubeide/plugins/com.st.stm32cube.ide.mcu.externaltools.gnu-tools-for-stm32.10.3-2021.10.win32_1.0.0.202111181127/tools/bin/../lib/gcc/arm-none-eabi/10.3.1/../../../../arm-none-eabi/lib/thumb/v7e-m+fp/hard\libm.a(lib_a-w_asin.o)
                0x0000000008006b98                asin
 .text.sqrt     0x0000000008006c00       0x58 c:/st/stm32cubeide_1.6.1/stm32cubeide/plugins/com.st.stm32cube.ide.mcu.externaltools.gnu-tools-for-stm32.10.3-2021.10.win32_1.0.0.202111181127/tools/bin/../lib/gcc/arm-none-eabi/10.3.1/../../../../arm-none-eabi/lib/thumb/v7e-m+fp/hard\libm.a(lib_a-w_sqrt.o)
                0x0000000008006c00                sqrt
 .text.__ieee754_asin
                0x0000000008006c58      0x428 c:/st/stm32cubeide_1.6.1/stm32cubeide/plugins/com.st.stm32cube.ide.mcu.externaltools.gnu-tools-for-stm32.10.3-2021.10.win32_1.0.0.202111181127/tools/bin/../lib/gcc/arm-none-eabi/10.3.1/../../../../arm-none-eabi/lib/thumb/v7e-m+fp/hard\libm.a(lib_a-e_asin.o)
                0x0000000008006c58                __ieee754_asin
 .text.__ieee754_rem_pio2
                0x0000000008007080      0x418 c:/st/stm32cubeide_1.6.1/stm32cubeide/plugins/com.st.stm32cube.ide.mcu.externaltools.gnu-tools-for-stm32.10.3-2021.10.win32_1.0.0.202111181127/tools/bin/../lib/gcc/arm-none-eabi/10.3.1/../../../../arm-none-eabi/lib/thumb/v7e-m+fp/hard\libm.a(lib_a-e_rem_pio2.o)
                0x0000000008007080                __ieee754_rem_pio2
 .text.__ieee754_sqrt
                0x0000000008007498      0x164 c:/st/stm32cubeide_1.6.1/stm32cubeide/plugins/com.st.stm32cube.ide.mcu.externaltools.gnu-tools-for-stm32.10.3-2021.10.win32_1.0.0.202111181127/tools/bin/../lib/gcc/arm-none-eabi/10.3.1/../../../../arm-none-eabi/lib/thumb/v7e-m+fp/hard\libm.a(lib_a-e_sqrt.o)
                0x0000000008007498                __ieee754_sqrt
 *fill*         0x00000000080075fc        0x4 
 .text.__kernel_cos
                0x0000000008007600      0x18c c:/st/stm32cubeide_1.6.1/stm32cubeide/plugins/com.st.stm32cube.ide.mcu.externaltools.gnu-tools-for-stm32.10.3-2021.10.win32_1.0.0.202111181127/tools/bin/../lib/gcc/arm-none-eabi/10.3.1/../../../../arm-none-eabi/lib/thumb/v7e-m+fp/hard\libm.a(lib_a-k_cos.o)
                0x0000000008007600                __kernel_cos
 *fill*         0x000000000800778c        0x4 
 .text.__kernel_rem_pio2
                0x0000000008007790      0x69c c:/st/stm32cubeide_1.6.1/stm32cubeide/plugins/com.st.stm32cube.ide.mcu.externaltools.gnu-tools-for-stm32.10.3-2021.10.win32_1.0.0.202111181127/tools/bin/../lib/gcc/arm-none-eabi/10.3.1/../../../../arm-none-eabi/lib/thumb/v7e-m+fp/hard\libm.a(lib_a-k_rem_pio2.o)
                0x0000000008007790                __kernel_rem_pio2
 *fill*         0x0000000008007e2c        0x4 
 .text.__kernel_sin
                0x0000000008007e30      0x17c c:/st/stm32cubeide_1.6.1/stm32cubeide/plugins/com.st.stm32cube.ide.mcu.externaltools.gnu-tools-for-stm32.10.3-2021.10.win32_1.0.0.202111181127/tools/bin/../lib/gcc/arm-none-eabi/10.3.1/../../../../arm-none-eabi/lib/thumb/v7e-m+fp/hard\libm.a(lib_a-k_sin.o)
                0x0000000008007e30                __kernel_sin
 .text.fabs     0x0000000008007fac       0x12 c:/st/stm32cubeide_1.6.1/stm32cubeide/plugins/com.st.stm32cube.ide.mcu.externaltools.gnu-tools-for-stm32.10.3-2021.10.win32_1.0.0.202111181127/tools/bin/../lib/gcc/arm-none-eabi/10.3.1/../../../../arm-none-eabi/lib/thumb/v7e-m+fp/hard\libm.a(lib_a-s_fabs.o)
                0x0000000008007fac                fabs
 *fill*         0x0000000008007fbe        0x2 
 .text.floor    0x0000000008007fc0      0x100 c:/st/stm32cubeide_1.6.1/stm32cubeide/plugins/com.st.stm32cube.ide.mcu.externaltools.gnu-tools-for-stm32.10.3-2021.10.win32_1.0.0.202111181127/tools/bin/../lib/gcc/arm-none-eabi/10.3.1/../../../../arm-none-eabi/lib/thumb/v7e-m+fp/hard\libm.a(lib_a-s_floor.o)
                0x0000000008007fc0                floor
 .text.nan      0x00000000080080c0       0x10 c:/st/stm32cubeide_1.6.1/stm32cubeide/plugins/com.st.stm32cube.ide.mcu.externaltools.gnu-tools-for-stm32.10.3-2021.10.win32_1.0.0.202111181127/tools/bin/../lib/gcc/arm-none-eabi/10.3.1/../../../../arm-none-eabi/lib/thumb/v7e-m+fp/hard\libm.a(lib_a-s_nan.o)
                0x00000000080080c0                nan
 .text.scalbn   0x00000000080080d0      0x10c c:/st/stm32cubeide_1.6.1/stm32cubeide/plugins/com.st.stm32cube.ide.mcu.externaltools.gnu-tools-for-stm32.10.3-2021.10.win32_1.0.0.202111181127/tools/bin/../lib/gcc/arm-none-eabi/10.3.1/../../../../arm-none-eabi/lib/thumb/v7e-m+fp/hard\libm.a(lib_a-s_scalbn.o)
                0x00000000080080d0                scalbn
 *(.glue_7)
 .glue_7        0x00000000080081dc        0x0 linker stubs
 *(.glue_7t)
 .glue_7t       0x00000000080081dc        0x0 linker stubs
 *(.eh_frame)
 .eh_frame      0x00000000080081dc        0x0 c:/st/stm32cubeide_1.6.1/stm32cubeide/plugins/com.st.stm32cube.ide.mcu.externaltools.gnu-tools-for-stm32.10.3-2021.10.win32_1.0.0.202111181127/tools/bin/../lib/gcc/arm-none-eabi/10.3.1/thumb/v7e-m+fp/hard/crtbegin.o
 *(.init)
 .init          0x00000000080081dc        0x4 c:/st/stm32cubeide_1.6.1/stm32cubeide/plugins/com.st.stm32cube.ide.mcu.externaltools.gnu-tools-for-stm32.10.3-2021.10.win32_1.0.0.202111181127/tools/bin/../lib/gcc/arm-none-eabi/10.3.1/thumb/v7e-m+fp/hard/crti.o
                0x00000000080081dc                _init
 .init          0x00000000080081e0        0x8 c:/st/stm32cubeide_1.6.1/stm32cubeide/plugins/com.st.stm32cube.ide.mcu.externaltools.gnu-tools-for-stm32.10.3-2021.10.win32_1.0.0.202111181127/tools/bin/../lib/gcc/arm-none-eabi/10.3.1/thumb/v7e-m+fp/hard/crtn.o
 *(.fini)
 .fini          0x00000000080081e8        0x4 c:/st/stm32cubeide_1.6.1/stm32cubeide/plugins/com.st.stm32cube.ide.mcu.externaltools.gnu-tools-for-stm32.10.3-2021.10.win32_1.0.0.202111181127/tools/bin/../lib/gcc/arm-none-eabi/10.3.1/thumb/v7e-m+fp/hard/crti.o
                0x00000000080081e8                _fini
 .fini          0x00000000080081ec        0x8 c:/st/stm32cubeide_1.6.1/stm32cubeide/plugins/com.st.stm32cube.ide.mcu.externaltools.gnu-tools-for-stm32.10.3-2021.10.win32_1.0.0.202111181127/tools/bin/../lib/gcc/arm-none-eabi/10.3.1/thumb/v7e-m+fp/hard/crtn.o
                0x00000000080081f4                . = ALIGN (0x4)
                0x00000000080081f4                _etext = .

.vfp11_veneer   0x00000000080081f4        0x0
 .vfp11_veneer  0x00000000080081f4        0x0 linker stubs

.v4_bx          0x00000000080081f4        0x0
 .v4_bx         0x00000000080081f4        0x0 linker stubs

.iplt           0x00000000080081f4        0x0
 .iplt          0x00000000080081f4        0x0 c:/st/stm32cubeide_1.6.1/stm32cubeide/plugins/com.st.stm32cube.ide.mcu.externaltools.gnu-tools-for-stm32.10.3-2021.10.win32_1.0.0.202111181127/tools/bin/../lib/gcc/arm-none-eabi/10.3.1/thumb/v7e-m+fp/hard/crtbegin.o

.rodata         0x00000000080081f8      0x1f8
                0x00000000080081f8                . = ALIGN (0x4)
 *(.rodata)
 *(.rodata*)
 .rodata.AHBPrescTable
                0x00000000080081f8       0x10 ./Core/Src/system_stm32f4xx.o
                0x00000000080081f8                AHBPrescTable
 .rodata.APBPrescTable
                0x0000000008008208        0x8 ./Core/Src/system_stm32f4xx.o
                0x0000000008008208                APBPrescTable
 .rodata.asin.str1.1
                0x0000000008008210        0x1 c:/st/stm32cubeide_1.6.1/stm32cubeide/plugins/com.st.stm32cube.ide.mcu.externaltools.gnu-tools-for-stm32.10.3-2021.10.win32_1.0.0.202111181127/tools/bin/../lib/gcc/arm-none-eabi/10.3.1/../../../../arm-none-eabi/lib/thumb/v7e-m+fp/hard\libm.a(lib_a-w_asin.o)
 *fill*         0x0000000008008211        0x3 
 .rodata.npio2_hw
                0x0000000008008214       0x80 c:/st/stm32cubeide_1.6.1/stm32cubeide/plugins/com.st.stm32cube.ide.mcu.externaltools.gnu-tools-for-stm32.10.3-2021.10.win32_1.0.0.202111181127/tools/bin/../lib/gcc/arm-none-eabi/10.3.1/../../../../arm-none-eabi/lib/thumb/v7e-m+fp/hard\libm.a(lib_a-e_rem_pio2.o)
 .rodata.two_over_pi
                0x0000000008008294      0x108 c:/st/stm32cubeide_1.6.1/stm32cubeide/plugins/com.st.stm32cube.ide.mcu.externaltools.gnu-tools-for-stm32.10.3-2021.10.win32_1.0.0.202111181127/tools/bin/../lib/gcc/arm-none-eabi/10.3.1/../../../../arm-none-eabi/lib/thumb/v7e-m+fp/hard\libm.a(lib_a-e_rem_pio2.o)
 *fill*         0x000000000800839c        0x4 
 .rodata.PIo2   0x00000000080083a0       0x40 c:/st/stm32cubeide_1.6.1/stm32cubeide/plugins/com.st.stm32cube.ide.mcu.externaltools.gnu-tools-for-stm32.10.3-2021.10.win32_1.0.0.202111181127/tools/bin/../lib/gcc/arm-none-eabi/10.3.1/../../../../arm-none-eabi/lib/thumb/v7e-m+fp/hard\libm.a(lib_a-k_rem_pio2.o)
 .rodata.init_jk
                0x00000000080083e0       0x10 c:/st/stm32cubeide_1.6.1/stm32cubeide/plugins/com.st.stm32cube.ide.mcu.externaltools.gnu-tools-for-stm32.10.3-2021.10.win32_1.0.0.202111181127/tools/bin/../lib/gcc/arm-none-eabi/10.3.1/../../../../arm-none-eabi/lib/thumb/v7e-m+fp/hard\libm.a(lib_a-k_rem_pio2.o)
                0x00000000080083f0                . = ALIGN (0x4)

.ARM.extab      0x00000000080083f0        0x0
                0x00000000080083f0                . = ALIGN (0x4)
 *(.ARM.extab* .gnu.linkonce.armextab.*)
                0x00000000080083f0                . = ALIGN (0x4)

.ARM            0x00000000080083f0        0x8
                0x00000000080083f0                . = ALIGN (0x4)
                0x00000000080083f0                __exidx_start = .
 *(.ARM.exidx*)
 .ARM.exidx     0x00000000080083f0        0x8 c:/st/stm32cubeide_1.6.1/stm32cubeide/plugins/com.st.stm32cube.ide.mcu.externaltools.gnu-tools-for-stm32.10.3-2021.10.win32_1.0.0.202111181127/tools/bin/../lib/gcc/arm-none-eabi/10.3.1/thumb/v7e-m+fp/hard\libgcc.a(_udivmoddi4.o)
                0x00000000080083f8                __exidx_end = .
                0x00000000080083f8                . = ALIGN (0x4)

.rel.dyn        0x00000000080083f8        0x0
 .rel.iplt      0x00000000080083f8        0x0 c:/st/stm32cubeide_1.6.1/stm32cubeide/plugins/com.st.stm32cube.ide.mcu.externaltools.gnu-tools-for-stm32.10.3-2021.10.win32_1.0.0.202111181127/tools/bin/../lib/gcc/arm-none-eabi/10.3.1/thumb/v7e-m+fp/hard/crtbegin.o

.preinit_array  0x00000000080083f8        0x0
                0x00000000080083f8                . = ALIGN (0x4)
                0x00000000080083f8                PROVIDE (__preinit_array_start = .)
 *(.preinit_array*)
                0x00000000080083f8                PROVIDE (__preinit_array_end = .)
                0x00000000080083f8                . = ALIGN (0x4)

.init_array     0x00000000080083f8        0x4
                0x00000000080083f8                . = ALIGN (0x4)
                0x00000000080083f8                PROVIDE (__init_array_start = .)
 *(SORT_BY_NAME(.init_array.*))
 *(.init_array*)
 .init_array    0x00000000080083f8        0x4 c:/st/stm32cubeide_1.6.1/stm32cubeide/plugins/com.st.stm32cube.ide.mcu.externaltools.gnu-tools-for-stm32.10.3-2021.10.win32_1.0.0.202111181127/tools/bin/../lib/gcc/arm-none-eabi/10.3.1/thumb/v7e-m+fp/hard/crtbegin.o
                0x00000000080083fc                PROVIDE (__init_array_end = .)
                0x00000000080083fc                . = ALIGN (0x4)

.fini_array     0x00000000080083fc        0x4
                0x00000000080083fc                . = ALIGN (0x4)
                [!provide]                        PROVIDE (__fini_array_start = .)
 *(SORT_BY_NAME(.fini_array.*))
 *(.fini_array*)
 .fini_array    0x00000000080083fc        0x4 c:/st/stm32cubeide_1.6.1/stm32cubeide/plugins/com.st.stm32cube.ide.mcu.externaltools.gnu-tools-for-stm32.10.3-2021.10.win32_1.0.0.202111181127/tools/bin/../lib/gcc/arm-none-eabi/10.3.1/thumb/v7e-m+fp/hard/crtbegin.o
                [!provide]                        PROVIDE (__fini_array_end = .)
                0x0000000008008400                . = ALIGN (0x4)
                0x0000000008008400                _sidata = LOADADDR (.data)

.data           0x0000000020000000       0xb8 load address 0x0000000008008400
                0x0000000020000000                . = ALIGN (0x4)
                0x0000000020000000                _sdata = .
 *(.data)
 *(.data*)
 .data.GYRO_DLPF_CFG
                0x0000000020000000        0x1 ./Core/Src/main.o
                0x0000000020000000                GYRO_DLPF_CFG
 .data.ACCEL_DLPF_CFG
                0x0000000020000001        0x1 ./Core/Src/main.o
                0x0000000020000001                ACCEL_DLPF_CFG
 .data.GYRO_FS  0x0000000020000002        0x1 ./Core/Src/main.o
                0x0000000020000002                GYRO_FS
 .data.ACCEL_FS
                0x0000000020000003        0x1 ./Core/Src/main.o
                0x0000000020000003                ACCEL_FS
 .data.SMPLRT_CONFIG
                0x0000000020000004        0x1 ./Core/Src/main.o
                0x0000000020000004                SMPLRT_CONFIG
 .data.MPU9250_RESPONSE_OK
                0x0000000020000005        0x1 ./Core/Src/main.o
                0x0000000020000005                MPU9250_RESPONSE_OK
 *fill*         0x0000000020000006        0x2 
 .data.pid_p_gain_roll
                0x0000000020000008        0x4 ./Core/Src/main.o
                0x0000000020000008                pid_p_gain_roll
 .data.pid_i_gain_roll
                0x000000002000000c        0x4 ./Core/Src/main.o
                0x000000002000000c                pid_i_gain_roll
 .data.pid_d_gain_roll
                0x0000000020000010        0x4 ./Core/Src/main.o
                0x0000000020000010                pid_d_gain_roll
 .data.pid_p_gain_pitch
                0x0000000020000014        0x4 ./Core/Src/main.o
                0x0000000020000014                pid_p_gain_pitch
 .data.pid_i_gain_pitch
                0x0000000020000018        0x4 ./Core/Src/main.o
                0x0000000020000018                pid_i_gain_pitch
 .data.pid_d_gain_pitch
                0x000000002000001c        0x4 ./Core/Src/main.o
                0x000000002000001c                pid_d_gain_pitch
 .data.pid_p_gain_yaw
                0x0000000020000020        0x4 ./Core/Src/main.o
                0x0000000020000020                pid_p_gain_yaw
 .data.pid_d_gain_yaw
                0x0000000020000024        0x4 ./Core/Src/main.o
                0x0000000020000024                pid_d_gain_yaw
 .data.pid_max_roll
                0x0000000020000028        0x4 ./Core/Src/main.o
                0x0000000020000028                pid_max_roll
 .data.pid_max_pitch
                0x000000002000002c        0x4 ./Core/Src/main.o
                0x000000002000002c                pid_max_pitch
 .data.pid_max_yaw
                0x0000000020000030        0x4 ./Core/Src/main.o
                0x0000000020000030                pid_max_yaw
 .data.min_throthle
                0x0000000020000034        0x4 ./Core/Src/main.o
                0x0000000020000034                min_throthle
 .data.max_throthle
                0x0000000020000038        0x4 ./Core/Src/main.o
                0x0000000020000038                max_throthle
 .data.disable_motor
                0x000000002000003c        0x4 ./Core/Src/main.o
                0x000000002000003c                disable_motor
 .data.turning_speed
                0x0000000020000040        0x4 ./Core/Src/main.o
                0x0000000020000040                turning_speed
 .data.auto_level
                0x0000000020000044        0x1 ./Core/Src/main.o
                0x0000000020000044                auto_level
 *fill*         0x0000000020000045        0x3 
 .data.SystemCoreClock
                0x0000000020000048        0x4 ./Core/Src/system_stm32f4xx.o
                0x0000000020000048                SystemCoreClock
 .data.uwTickPrio
                0x000000002000004c        0x4 ./Drivers/STM32F4xx_HAL_Driver/Src/stm32f4xx_hal.o
                0x000000002000004c                uwTickPrio
 .data.uwTickFreq
                0x0000000020000050        0x1 ./Drivers/STM32F4xx_HAL_Driver/Src/stm32f4xx_hal.o
                0x0000000020000050                uwTickFreq
 *fill*         0x0000000020000051        0x3 
 .data._impure_ptr
                0x0000000020000054        0x4 c:/st/stm32cubeide_1.6.1/stm32cubeide/plugins/com.st.stm32cube.ide.mcu.externaltools.gnu-tools-for-stm32.10.3-2021.10.win32_1.0.0.202111181127/tools/bin/../lib/gcc/arm-none-eabi/10.3.1/../../../../arm-none-eabi/lib/thumb/v7e-m+fp/hard\libc_nano.a(lib_a-impure.o)
                0x0000000020000054                _impure_ptr
 .data.impure_data
                0x0000000020000058       0x60 c:/st/stm32cubeide_1.6.1/stm32cubeide/plugins/com.st.stm32cube.ide.mcu.externaltools.gnu-tools-for-stm32.10.3-2021.10.win32_1.0.0.202111181127/tools/bin/../lib/gcc/arm-none-eabi/10.3.1/../../../../arm-none-eabi/lib/thumb/v7e-m+fp/hard\libc_nano.a(lib_a-impure.o)
 *(.RamFunc)
 *(.RamFunc*)
                0x00000000200000b8                . = ALIGN (0x4)
                0x00000000200000b8                _edata = .
                0x00000000080084b8                _siccmram = LOADADDR (.ccmram)

.igot.plt       0x00000000200000b8        0x0 load address 0x00000000080084b8
 .igot.plt      0x00000000200000b8        0x0 c:/st/stm32cubeide_1.6.1/stm32cubeide/plugins/com.st.stm32cube.ide.mcu.externaltools.gnu-tools-for-stm32.10.3-2021.10.win32_1.0.0.202111181127/tools/bin/../lib/gcc/arm-none-eabi/10.3.1/thumb/v7e-m+fp/hard/crtbegin.o

.ccmram         0x0000000010000000        0x0 load address 0x00000000080084b8
                0x0000000010000000                . = ALIGN (0x4)
                0x0000000010000000                _sccmram = .
 *(.ccmram)
 *(.ccmram*)
                0x0000000010000000                . = ALIGN (0x4)
                0x0000000010000000                _eccmram = .
                0x0000000010000000                . = ALIGN (0x4)

.bss            0x00000000200000b8      0x2fc
                0x00000000200000b8                _sbss = .
                0x00000000200000b8                __bss_start__ = _sbss
 *(.bss)
 .bss           0x00000000200000b8       0x1c c:/st/stm32cubeide_1.6.1/stm32cubeide/plugins/com.st.stm32cube.ide.mcu.externaltools.gnu-tools-for-stm32.10.3-2021.10.win32_1.0.0.202111181127/tools/bin/../lib/gcc/arm-none-eabi/10.3.1/thumb/v7e-m+fp/hard/crtbegin.o
 *(.bss*)
 .bss.hi2c1     0x00000000200000d4       0x54 ./Core/Src/i2c.o
                0x00000000200000d4                hi2c1
 .bss.PWR_CONIG
                0x0000000020000128        0x1 ./Core/Src/main.o
                0x0000000020000128                PWR_CONIG
 .bss.MPU9250_Check
                0x0000000020000129        0x1 ./Core/Src/main.o
                0x0000000020000129                MPU9250_Check
 .bss.set_gyro_angle
                0x000000002000012a        0x1 ./Core/Src/main.o
                0x000000002000012a                set_gyro_angle
 *fill*         0x000000002000012b        0x1 
 .bss.ch        0x000000002000012c       0x20 ./Core/Src/main.o
                0x000000002000012c                ch
 .bss.tick      0x000000002000014c        0x4 ./Core/Src/main.o
                0x000000002000014c                tick
 .bss.pulse     0x0000000020000150        0x1 ./Core/Src/main.o
                0x0000000020000150                pulse
 *fill*         0x0000000020000151        0x3 
 .bss.receiver_input_channel_1
                0x0000000020000154        0x4 ./Core/Src/main.o
                0x0000000020000154                receiver_input_channel_1
 .bss.receiver_input_channel_2
                0x0000000020000158        0x4 ./Core/Src/main.o
                0x0000000020000158                receiver_input_channel_2
 .bss.receiver_input_channel_3
                0x000000002000015c        0x4 ./Core/Src/main.o
                0x000000002000015c                receiver_input_channel_3
 .bss.receiver_input_channel_4
                0x0000000020000160        0x4 ./Core/Src/main.o
                0x0000000020000160                receiver_input_channel_4
 .bss.receiver_input_channel_5
                0x0000000020000164        0x4 ./Core/Src/main.o
                0x0000000020000164                receiver_input_channel_5
 .bss.receiver_input_channel_6
                0x0000000020000168        0x4 ./Core/Src/main.o
                0x0000000020000168                receiver_input_channel_6
 .bss.throttle  0x000000002000016c        0x4 ./Core/Src/main.o
                0x000000002000016c                throttle
 .bss.gyro_x_cal
                0x0000000020000170        0x4 ./Core/Src/main.o
                0x0000000020000170                gyro_x_cal
 .bss.gyro_y_cal
                0x0000000020000174        0x4 ./Core/Src/main.o
                0x0000000020000174                gyro_y_cal
 .bss.gyro_z_cal
                0x0000000020000178        0x4 ./Core/Src/main.o
                0x0000000020000178                gyro_z_cal
 .bss.loop_timer
                0x000000002000017c        0x4 ./Core/Src/main.o
                0x000000002000017c                loop_timer
 .bss.gyro_x    0x0000000020000180        0x4 ./Core/Src/main.o
                0x0000000020000180                gyro_x
 .bss.gyro_y    0x0000000020000184        0x4 ./Core/Src/main.o
                0x0000000020000184                gyro_y
 .bss.gyro_z    0x0000000020000188        0x4 ./Core/Src/main.o
                0x0000000020000188                gyro_z
 .bss.acc_x     0x000000002000018c        0x4 ./Core/Src/main.o
                0x000000002000018c                acc_x
 .bss.acc_y     0x0000000020000190        0x4 ./Core/Src/main.o
                0x0000000020000190                acc_y
 .bss.acc_z     0x0000000020000194        0x4 ./Core/Src/main.o
                0x0000000020000194                acc_z
 .bss.acc_total_vector
                0x0000000020000198        0x4 ./Core/Src/main.o
                0x0000000020000198                acc_total_vector
 .bss.angle_roll
                0x000000002000019c        0x4 ./Core/Src/main.o
                0x000000002000019c                angle_roll
 .bss.angle_pitch
                0x00000000200001a0        0x4 ./Core/Src/main.o
                0x00000000200001a0                angle_pitch
 .bss.angle_roll_acc
                0x00000000200001a4        0x4 ./Core/Src/main.o
                0x00000000200001a4                angle_roll_acc
 .bss.angle_pitch_acc
                0x00000000200001a8        0x4 ./Core/Src/main.o
                0x00000000200001a8                angle_pitch_acc
 .bss.roll_level_adjust
                0x00000000200001ac        0x4 ./Core/Src/main.o
                0x00000000200001ac                roll_level_adjust
 .bss.pitch_level_adjust
                0x00000000200001b0        0x4 ./Core/Src/main.o
                0x00000000200001b0                pitch_level_adjust
 .bss.gyro_roll_input
                0x00000000200001b4        0x4 ./Core/Src/main.o
                0x00000000200001b4                gyro_roll_input
 .bss.gyro_pitch_input
                0x00000000200001b8        0x4 ./Core/Src/main.o
                0x00000000200001b8                gyro_pitch_input
 .bss.gyro_yaw_input
                0x00000000200001bc        0x4 ./Core/Src/main.o
                0x00000000200001bc                gyro_yaw_input
 .bss.pid_roll_setpoint
                0x00000000200001c0        0x4 ./Core/Src/main.o
                0x00000000200001c0                pid_roll_setpoint
 .bss.pid_pitch_setpoint
                0x00000000200001c4        0x4 ./Core/Src/main.o
                0x00000000200001c4                pid_pitch_setpoint
 .bss.pid_yaw_setpoint
                0x00000000200001c8        0x4 ./Core/Src/main.o
                0x00000000200001c8                pid_yaw_setpoint
 .bss.pid_i_mem_roll
                0x00000000200001cc        0x4 ./Core/Src/main.o
                0x00000000200001cc                pid_i_mem_roll
 .bss.pid_i_mem_pitch
                0x00000000200001d0        0x4 ./Core/Src/main.o
                0x00000000200001d0                pid_i_mem_pitch
 .bss.pid_i_mem_yaw
                0x00000000200001d4        0x4 ./Core/Src/main.o
                0x00000000200001d4                pid_i_mem_yaw
 .bss.pid_last_roll_d_error
                0x00000000200001d8        0x4 ./Core/Src/main.o
                0x00000000200001d8                pid_last_roll_d_error
 .bss.pid_last_pitch_d_eroor
                0x00000000200001dc        0x4 ./Core/Src/main.o
                0x00000000200001dc                pid_last_pitch_d_eroor
 .bss.pid_last_yaw_d_error
                0x00000000200001e0        0x4 ./Core/Src/main.o
                0x00000000200001e0                pid_last_yaw_d_error
 .bss.pid_error_temp
                0x00000000200001e4        0x4 ./Core/Src/main.o
                0x00000000200001e4                pid_error_temp
 .bss.pid_roll_output
                0x00000000200001e8        0x4 ./Core/Src/main.o
                0x00000000200001e8                pid_roll_output
 .bss.pid_pitch_output
                0x00000000200001ec        0x4 ./Core/Src/main.o
                0x00000000200001ec                pid_pitch_output
 .bss.pid_yaw_output
                0x00000000200001f0        0x4 ./Core/Src/main.o
                0x00000000200001f0                pid_yaw_output
 .bss.esc_1     0x00000000200001f4        0x4 ./Core/Src/main.o
                0x00000000200001f4                esc_1
 .bss.esc_2     0x00000000200001f8        0x4 ./Core/Src/main.o
                0x00000000200001f8                esc_2
 .bss.esc_3     0x00000000200001fc        0x4 ./Core/Src/main.o
                0x00000000200001fc                esc_3
 .bss.esc_4     0x0000000020000200        0x4 ./Core/Src/main.o
                0x0000000020000200                esc_4
 .bss.start     0x0000000020000204        0x4 ./Core/Src/main.o
                0x0000000020000204                start
 .bss.htim5     0x0000000020000208       0x48 ./Core/Src/tim.o
                0x0000000020000208                htim5
 .bss.htim10    0x0000000020000250       0x48 ./Core/Src/tim.o
                0x0000000020000250                htim10
 .bss.htim13    0x0000000020000298       0x48 ./Core/Src/tim.o
                0x0000000020000298                htim13
 .bss.htim14    0x00000000200002e0       0x48 ./Core/Src/tim.o
                0x00000000200002e0                htim14
 .bss.huart4    0x0000000020000328       0x44 ./Core/Src/usart.o
                0x0000000020000328                huart4
 .bss.huart1    0x000000002000036c       0x44 ./Core/Src/usart.o
                0x000000002000036c                huart1
 .bss.uwTick    0x00000000200003b0        0x4 ./Drivers/STM32F4xx_HAL_Driver/Src/stm32f4xx_hal.o
                0x00000000200003b0                uwTick
 *(COMMON)
                0x00000000200003b4                . = ALIGN (0x4)
                0x00000000200003b4                _ebss = .
                0x00000000200003b4                __bss_end__ = _ebss

._user_heap_stack
                0x00000000200003b4      0x604
                0x00000000200003b8                . = ALIGN (0x8)
 *fill*         0x00000000200003b4        0x4 
                [!provide]                        PROVIDE (end = .)
                0x00000000200003b8                PROVIDE (_end = .)
                0x00000000200005b8                . = (. + _Min_Heap_Size)
 *fill*         0x00000000200003b8      0x200 
                0x00000000200009b8                . = (. + _Min_Stack_Size)
 *fill*         0x00000000200005b8      0x400 
                0x00000000200009b8                . = ALIGN (0x8)

/DISCARD/
 libc.a(*)
 libm.a(*)
 libgcc.a(*)

.ARM.attributes
                0x0000000000000000       0x30
 *(.ARM.attributes)
 .ARM.attributes
                0x0000000000000000       0x1e c:/st/stm32cubeide_1.6.1/stm32cubeide/plugins/com.st.stm32cube.ide.mcu.externaltools.gnu-tools-for-stm32.10.3-2021.10.win32_1.0.0.202111181127/tools/bin/../lib/gcc/arm-none-eabi/10.3.1/thumb/v7e-m+fp/hard/crti.o
 .ARM.attributes
                0x000000000000001e       0x34 c:/st/stm32cubeide_1.6.1/stm32cubeide/plugins/com.st.stm32cube.ide.mcu.externaltools.gnu-tools-for-stm32.10.3-2021.10.win32_1.0.0.202111181127/tools/bin/../lib/gcc/arm-none-eabi/10.3.1/thumb/v7e-m+fp/hard/crtbegin.o
 .ARM.attributes
                0x0000000000000052       0x34 ./Core/Src/gpio.o
 .ARM.attributes
                0x0000000000000086       0x34 ./Core/Src/i2c.o
 .ARM.attributes
                0x00000000000000ba       0x34 ./Core/Src/main.o
 .ARM.attributes
                0x00000000000000ee       0x34 ./Core/Src/stm32f4xx_hal_msp.o
 .ARM.attributes
                0x0000000000000122       0x34 ./Core/Src/stm32f4xx_it.o
 .ARM.attributes
                0x0000000000000156       0x34 ./Core/Src/system_stm32f4xx.o
 .ARM.attributes
                0x000000000000018a       0x34 ./Core/Src/tim.o
 .ARM.attributes
                0x00000000000001be       0x34 ./Core/Src/usart.o
 .ARM.attributes
                0x00000000000001f2       0x21 ./Core/Startup/startup_stm32f405rgtx.o
 .ARM.attributes
                0x0000000000000213       0x34 ./Drivers/STM32F4xx_HAL_Driver/Src/stm32f4xx_hal.o
 .ARM.attributes
                0x0000000000000247       0x34 ./Drivers/STM32F4xx_HAL_Driver/Src/stm32f4xx_hal_cortex.o
 .ARM.attributes
                0x000000000000027b       0x34 ./Drivers/STM32F4xx_HAL_Driver/Src/stm32f4xx_hal_dma.o
 .ARM.attributes
                0x00000000000002af       0x34 ./Drivers/STM32F4xx_HAL_Driver/Src/stm32f4xx_hal_gpio.o
 .ARM.attributes
                0x00000000000002e3       0x34 ./Drivers/STM32F4xx_HAL_Driver/Src/stm32f4xx_hal_i2c.o
 .ARM.attributes
                0x0000000000000317       0x34 ./Drivers/STM32F4xx_HAL_Driver/Src/stm32f4xx_hal_rcc.o
 .ARM.attributes
                0x000000000000034b       0x34 ./Drivers/STM32F4xx_HAL_Driver/Src/stm32f4xx_hal_tim.o
 .ARM.attributes
                0x000000000000037f       0x34 ./Drivers/STM32F4xx_HAL_Driver/Src/stm32f4xx_hal_tim_ex.o
 .ARM.attributes
                0x00000000000003b3       0x34 ./Drivers/STM32F4xx_HAL_Driver/Src/stm32f4xx_hal_uart.o
 .ARM.attributes
                0x00000000000003e7       0x34 c:/st/stm32cubeide_1.6.1/stm32cubeide/plugins/com.st.stm32cube.ide.mcu.externaltools.gnu-tools-for-stm32.10.3-2021.10.win32_1.0.0.202111181127/tools/bin/../lib/gcc/arm-none-eabi/10.3.1/../../../../arm-none-eabi/lib/thumb/v7e-m+fp/hard\libc_nano.a(lib_a-errno.o)
 .ARM.attributes
                0x000000000000041b       0x34 c:/st/stm32cubeide_1.6.1/stm32cubeide/plugins/com.st.stm32cube.ide.mcu.externaltools.gnu-tools-for-stm32.10.3-2021.10.win32_1.0.0.202111181127/tools/bin/../lib/gcc/arm-none-eabi/10.3.1/../../../../arm-none-eabi/lib/thumb/v7e-m+fp/hard\libc_nano.a(lib_a-impure.o)
 .ARM.attributes
                0x000000000000044f       0x34 c:/st/stm32cubeide_1.6.1/stm32cubeide/plugins/com.st.stm32cube.ide.mcu.externaltools.gnu-tools-for-stm32.10.3-2021.10.win32_1.0.0.202111181127/tools/bin/../lib/gcc/arm-none-eabi/10.3.1/../../../../arm-none-eabi/lib/thumb/v7e-m+fp/hard\libc_nano.a(lib_a-init.o)
 .ARM.attributes
                0x0000000000000483       0x34 c:/st/stm32cubeide_1.6.1/stm32cubeide/plugins/com.st.stm32cube.ide.mcu.externaltools.gnu-tools-for-stm32.10.3-2021.10.win32_1.0.0.202111181127/tools/bin/../lib/gcc/arm-none-eabi/10.3.1/../../../../arm-none-eabi/lib/thumb/v7e-m+fp/hard\libc_nano.a(lib_a-memset.o)
 .ARM.attributes
                0x00000000000004b7       0x34 c:/st/stm32cubeide_1.6.1/stm32cubeide/plugins/com.st.stm32cube.ide.mcu.externaltools.gnu-tools-for-stm32.10.3-2021.10.win32_1.0.0.202111181127/tools/bin/../lib/gcc/arm-none-eabi/10.3.1/../../../../arm-none-eabi/lib/thumb/v7e-m+fp/hard\libm.a(lib_a-s_sin.o)
 .ARM.attributes
                0x00000000000004eb       0x34 c:/st/stm32cubeide_1.6.1/stm32cubeide/plugins/com.st.stm32cube.ide.mcu.externaltools.gnu-tools-for-stm32.10.3-2021.10.win32_1.0.0.202111181127/tools/bin/../lib/gcc/arm-none-eabi/10.3.1/../../../../arm-none-eabi/lib/thumb/v7e-m+fp/hard\libm.a(lib_a-w_asin.o)
 .ARM.attributes
                0x000000000000051f       0x34 c:/st/stm32cubeide_1.6.1/stm32cubeide/plugins/com.st.stm32cube.ide.mcu.externaltools.gnu-tools-for-stm32.10.3-2021.10.win32_1.0.0.202111181127/tools/bin/../lib/gcc/arm-none-eabi/10.3.1/../../../../arm-none-eabi/lib/thumb/v7e-m+fp/hard\libm.a(lib_a-w_sqrt.o)
 .ARM.attributes
                0x0000000000000553       0x34 c:/st/stm32cubeide_1.6.1/stm32cubeide/plugins/com.st.stm32cube.ide.mcu.externaltools.gnu-tools-for-stm32.10.3-2021.10.win32_1.0.0.202111181127/tools/bin/../lib/gcc/arm-none-eabi/10.3.1/../../../../arm-none-eabi/lib/thumb/v7e-m+fp/hard\libm.a(lib_a-e_asin.o)
 .ARM.attributes
                0x0000000000000587       0x34 c:/st/stm32cubeide_1.6.1/stm32cubeide/plugins/com.st.stm32cube.ide.mcu.externaltools.gnu-tools-for-stm32.10.3-2021.10.win32_1.0.0.202111181127/tools/bin/../lib/gcc/arm-none-eabi/10.3.1/../../../../arm-none-eabi/lib/thumb/v7e-m+fp/hard\libm.a(lib_a-e_rem_pio2.o)
 .ARM.attributes
                0x00000000000005bb       0x34 c:/st/stm32cubeide_1.6.1/stm32cubeide/plugins/com.st.stm32cube.ide.mcu.externaltools.gnu-tools-for-stm32.10.3-2021.10.win32_1.0.0.202111181127/tools/bin/../lib/gcc/arm-none-eabi/10.3.1/../../../../arm-none-eabi/lib/thumb/v7e-m+fp/hard\libm.a(lib_a-e_sqrt.o)
 .ARM.attributes
                0x00000000000005ef       0x34 c:/st/stm32cubeide_1.6.1/stm32cubeide/plugins/com.st.stm32cube.ide.mcu.externaltools.gnu-tools-for-stm32.10.3-2021.10.win32_1.0.0.202111181127/tools/bin/../lib/gcc/arm-none-eabi/10.3.1/../../../../arm-none-eabi/lib/thumb/v7e-m+fp/hard\libm.a(lib_a-k_cos.o)
 .ARM.attributes
                0x0000000000000623       0x34 c:/st/stm32cubeide_1.6.1/stm32cubeide/plugins/com.st.stm32cube.ide.mcu.externaltools.gnu-tools-for-stm32.10.3-2021.10.win32_1.0.0.202111181127/tools/bin/../lib/gcc/arm-none-eabi/10.3.1/../../../../arm-none-eabi/lib/thumb/v7e-m+fp/hard\libm.a(lib_a-k_rem_pio2.o)
 .ARM.attributes
                0x0000000000000657       0x34 c:/st/stm32cubeide_1.6.1/stm32cubeide/plugins/com.st.stm32cube.ide.mcu.externaltools.gnu-tools-for-stm32.10.3-2021.10.win32_1.0.0.202111181127/tools/bin/../lib/gcc/arm-none-eabi/10.3.1/../../../../arm-none-eabi/lib/thumb/v7e-m+fp/hard\libm.a(lib_a-k_sin.o)
 .ARM.attributes
                0x000000000000068b       0x34 c:/st/stm32cubeide_1.6.1/stm32cubeide/plugins/com.st.stm32cube.ide.mcu.externaltools.gnu-tools-for-stm32.10.3-2021.10.win32_1.0.0.202111181127/tools/bin/../lib/gcc/arm-none-eabi/10.3.1/../../../../arm-none-eabi/lib/thumb/v7e-m+fp/hard\libm.a(lib_a-s_fabs.o)
 .ARM.attributes
                0x00000000000006bf       0x34 c:/st/stm32cubeide_1.6.1/stm32cubeide/plugins/com.st.stm32cube.ide.mcu.externaltools.gnu-tools-for-stm32.10.3-2021.10.win32_1.0.0.202111181127/tools/bin/../lib/gcc/arm-none-eabi/10.3.1/../../../../arm-none-eabi/lib/thumb/v7e-m+fp/hard\libm.a(lib_a-s_floor.o)
 .ARM.attributes
                0x00000000000006f3       0x34 c:/st/stm32cubeide_1.6.1/stm32cubeide/plugins/com.st.stm32cube.ide.mcu.externaltools.gnu-tools-for-stm32.10.3-2021.10.win32_1.0.0.202111181127/tools/bin/../lib/gcc/arm-none-eabi/10.3.1/../../../../arm-none-eabi/lib/thumb/v7e-m+fp/hard\libm.a(lib_a-s_nan.o)
 .ARM.attributes
                0x0000000000000727       0x34 c:/st/stm32cubeide_1.6.1/stm32cubeide/plugins/com.st.stm32cube.ide.mcu.externaltools.gnu-tools-for-stm32.10.3-2021.10.win32_1.0.0.202111181127/tools/bin/../lib/gcc/arm-none-eabi/10.3.1/../../../../arm-none-eabi/lib/thumb/v7e-m+fp/hard\libm.a(lib_a-s_scalbn.o)
 .ARM.attributes
                0x000000000000075b       0x1e c:/st/stm32cubeide_1.6.1/stm32cubeide/plugins/com.st.stm32cube.ide.mcu.externaltools.gnu-tools-for-stm32.10.3-2021.10.win32_1.0.0.202111181127/tools/bin/../lib/gcc/arm-none-eabi/10.3.1/thumb/v7e-m+fp/hard\libgcc.a(_arm_addsubdf3.o)
 .ARM.attributes
                0x0000000000000779       0x1e c:/st/stm32cubeide_1.6.1/stm32cubeide/plugins/com.st.stm32cube.ide.mcu.externaltools.gnu-tools-for-stm32.10.3-2021.10.win32_1.0.0.202111181127/tools/bin/../lib/gcc/arm-none-eabi/10.3.1/thumb/v7e-m+fp/hard\libgcc.a(_arm_muldivdf3.o)
 .ARM.attributes
                0x0000000000000797       0x1e c:/st/stm32cubeide_1.6.1/stm32cubeide/plugins/com.st.stm32cube.ide.mcu.externaltools.gnu-tools-for-stm32.10.3-2021.10.win32_1.0.0.202111181127/tools/bin/../lib/gcc/arm-none-eabi/10.3.1/thumb/v7e-m+fp/hard\libgcc.a(_arm_cmpdf2.o)
 .ARM.attributes
                0x00000000000007b5       0x1e c:/st/stm32cubeide_1.6.1/stm32cubeide/plugins/com.st.stm32cube.ide.mcu.externaltools.gnu-tools-for-stm32.10.3-2021.10.win32_1.0.0.202111181127/tools/bin/../lib/gcc/arm-none-eabi/10.3.1/thumb/v7e-m+fp/hard\libgcc.a(_arm_unorddf2.o)
 .ARM.attributes
                0x00000000000007d3       0x1e c:/st/stm32cubeide_1.6.1/stm32cubeide/plugins/com.st.stm32cube.ide.mcu.externaltools.gnu-tools-for-stm32.10.3-2021.10.win32_1.0.0.202111181127/tools/bin/../lib/gcc/arm-none-eabi/10.3.1/thumb/v7e-m+fp/hard\libgcc.a(_arm_fixdfsi.o)
 .ARM.attributes
                0x00000000000007f1       0x1e c:/st/stm32cubeide_1.6.1/stm32cubeide/plugins/com.st.stm32cube.ide.mcu.externaltools.gnu-tools-for-stm32.10.3-2021.10.win32_1.0.0.202111181127/tools/bin/../lib/gcc/arm-none-eabi/10.3.1/thumb/v7e-m+fp/hard\libgcc.a(_arm_truncdfsf2.o)
 .ARM.attributes
                0x000000000000080f       0x1e c:/st/stm32cubeide_1.6.1/stm32cubeide/plugins/com.st.stm32cube.ide.mcu.externaltools.gnu-tools-for-stm32.10.3-2021.10.win32_1.0.0.202111181127/tools/bin/../lib/gcc/arm-none-eabi/10.3.1/thumb/v7e-m+fp/hard\libgcc.a(_aeabi_uldivmod.o)
 .ARM.attributes
                0x000000000000082d       0x34 c:/st/stm32cubeide_1.6.1/stm32cubeide/plugins/com.st.stm32cube.ide.mcu.externaltools.gnu-tools-for-stm32.10.3-2021.10.win32_1.0.0.202111181127/tools/bin/../lib/gcc/arm-none-eabi/10.3.1/thumb/v7e-m+fp/hard\libgcc.a(_udivmoddi4.o)
 .ARM.attributes
                0x0000000000000861       0x1e c:/st/stm32cubeide_1.6.1/stm32cubeide/plugins/com.st.stm32cube.ide.mcu.externaltools.gnu-tools-for-stm32.10.3-2021.10.win32_1.0.0.202111181127/tools/bin/../lib/gcc/arm-none-eabi/10.3.1/thumb/v7e-m+fp/hard\libgcc.a(_dvmd_tls.o)
 .ARM.attributes
                0x000000000000087f       0x1e c:/st/stm32cubeide_1.6.1/stm32cubeide/plugins/com.st.stm32cube.ide.mcu.externaltools.gnu-tools-for-stm32.10.3-2021.10.win32_1.0.0.202111181127/tools/bin/../lib/gcc/arm-none-eabi/10.3.1/thumb/v7e-m+fp/hard/crtn.o
OUTPUT(FC32-Main.elf elf32-littlearm)
LOAD linker stubs
LOAD c:/st/stm32cubeide_1.6.1/stm32cubeide/plugins/com.st.stm32cube.ide.mcu.externaltools.gnu-tools-for-stm32.10.3-2021.10.win32_1.0.0.202111181127/tools/bin/../lib/gcc/arm-none-eabi/10.3.1/../../../../arm-none-eabi/lib/thumb/v7e-m+fp/hard\libc.a
LOAD c:/st/stm32cubeide_1.6.1/stm32cubeide/plugins/com.st.stm32cube.ide.mcu.externaltools.gnu-tools-for-stm32.10.3-2021.10.win32_1.0.0.202111181127/tools/bin/../lib/gcc/arm-none-eabi/10.3.1/../../../../arm-none-eabi/lib/thumb/v7e-m+fp/hard\libm.a
LOAD c:/st/stm32cubeide_1.6.1/stm32cubeide/plugins/com.st.stm32cube.ide.mcu.externaltools.gnu-tools-for-stm32.10.3-2021.10.win32_1.0.0.202111181127/tools/bin/../lib/gcc/arm-none-eabi/10.3.1/thumb/v7e-m+fp/hard\libgcc.a

.debug_info     0x0000000000000000    0x123e0
 .debug_info    0x0000000000000000      0x6c0 ./Core/Src/gpio.o
 .debug_info    0x00000000000006c0      0xa0e ./Core/Src/i2c.o
 .debug_info    0x00000000000010ce     0x1a3e ./Core/Src/main.o
 .debug_info    0x0000000000002b0c      0x2a8 ./Core/Src/stm32f4xx_hal_msp.o
 .debug_info    0x0000000000002db4      0xa04 ./Core/Src/stm32f4xx_it.o
 .debug_info    0x00000000000037b8      0x523 ./Core/Src/system_stm32f4xx.o
 .debug_info    0x0000000000003cdb      0xf86 ./Core/Src/tim.o
 .debug_info    0x0000000000004c61      0xc68 ./Core/Src/usart.o
 .debug_info    0x00000000000058c9       0x22 ./Core/Startup/startup_stm32f405rgtx.o
 .debug_info    0x00000000000058eb      0x96a ./Drivers/STM32F4xx_HAL_Driver/Src/stm32f4xx_hal.o
 .debug_info    0x0000000000006255      0xe09 ./Drivers/STM32F4xx_HAL_Driver/Src/stm32f4xx_hal_cortex.o
 .debug_info    0x000000000000705e      0x94f ./Drivers/STM32F4xx_HAL_Driver/Src/stm32f4xx_hal_dma.o
 .debug_info    0x00000000000079ad      0x76a ./Drivers/STM32F4xx_HAL_Driver/Src/stm32f4xx_hal_gpio.o
 .debug_info    0x0000000000008117     0x2609 ./Drivers/STM32F4xx_HAL_Driver/Src/stm32f4xx_hal_i2c.o
 .debug_info    0x000000000000a720      0x966 ./Drivers/STM32F4xx_HAL_Driver/Src/stm32f4xx_hal_rcc.o
 .debug_info    0x000000000000b086     0x2bbe ./Drivers/STM32F4xx_HAL_Driver/Src/stm32f4xx_hal_tim.o
 .debug_info    0x000000000000dc44     0x15e0 ./Drivers/STM32F4xx_HAL_Driver/Src/stm32f4xx_hal_tim_ex.o
 .debug_info    0x000000000000f224     0x31bc ./Drivers/STM32F4xx_HAL_Driver/Src/stm32f4xx_hal_uart.o

.debug_abbrev   0x0000000000000000     0x2490
 .debug_abbrev  0x0000000000000000      0x164 ./Core/Src/gpio.o
 .debug_abbrev  0x0000000000000164      0x1e0 ./Core/Src/i2c.o
 .debug_abbrev  0x0000000000000344      0x31a ./Core/Src/main.o
 .debug_abbrev  0x000000000000065e       0xd4 ./Core/Src/stm32f4xx_hal_msp.o
 .debug_abbrev  0x0000000000000732      0x1a0 ./Core/Src/stm32f4xx_it.o
 .debug_abbrev  0x00000000000008d2      0x116 ./Core/Src/system_stm32f4xx.o
 .debug_abbrev  0x00000000000009e8      0x258 ./Core/Src/tim.o
 .debug_abbrev  0x0000000000000c40      0x205 ./Core/Src/usart.o
 .debug_abbrev  0x0000000000000e45       0x12 ./Core/Startup/startup_stm32f405rgtx.o
 .debug_abbrev  0x0000000000000e57      0x20d ./Drivers/STM32F4xx_HAL_Driver/Src/stm32f4xx_hal.o
 .debug_abbrev  0x0000000000001064      0x316 ./Drivers/STM32F4xx_HAL_Driver/Src/stm32f4xx_hal_cortex.o
 .debug_abbrev  0x000000000000137a      0x25b ./Drivers/STM32F4xx_HAL_Driver/Src/stm32f4xx_hal_dma.o
 .debug_abbrev  0x00000000000015d5      0x1c4 ./Drivers/STM32F4xx_HAL_Driver/Src/stm32f4xx_hal_gpio.o
 .debug_abbrev  0x0000000000001799      0x297 ./Drivers/STM32F4xx_HAL_Driver/Src/stm32f4xx_hal_i2c.o
 .debug_abbrev  0x0000000000001a30      0x2aa ./Drivers/STM32F4xx_HAL_Driver/Src/stm32f4xx_hal_rcc.o
 .debug_abbrev  0x0000000000001cda      0x25d ./Drivers/STM32F4xx_HAL_Driver/Src/stm32f4xx_hal_tim.o
 .debug_abbrev  0x0000000000001f37      0x265 ./Drivers/STM32F4xx_HAL_Driver/Src/stm32f4xx_hal_tim_ex.o
 .debug_abbrev  0x000000000000219c      0x2f4 ./Drivers/STM32F4xx_HAL_Driver/Src/stm32f4xx_hal_uart.o

.debug_aranges  0x0000000000000000      0xf70
 .debug_aranges
                0x0000000000000000       0x20 ./Core/Src/gpio.o
 .debug_aranges
                0x0000000000000020       0x30 ./Core/Src/i2c.o
 .debug_aranges
                0x0000000000000050       0x60 ./Core/Src/main.o
 .debug_aranges
                0x00000000000000b0       0x20 ./Core/Src/stm32f4xx_hal_msp.o
 .debug_aranges
                0x00000000000000d0       0x78 ./Core/Src/stm32f4xx_it.o
 .debug_aranges
                0x0000000000000148       0x28 ./Core/Src/system_stm32f4xx.o
 .debug_aranges
                0x0000000000000170       0x50 ./Core/Src/tim.o
 .debug_aranges
                0x00000000000001c0       0x38 ./Core/Src/usart.o
 .debug_aranges
                0x00000000000001f8       0x28 ./Core/Startup/startup_stm32f405rgtx.o
 .debug_aranges
                0x0000000000000220       0xf0 ./Drivers/STM32F4xx_HAL_Driver/Src/stm32f4xx_hal.o
 .debug_aranges
                0x0000000000000310      0x118 ./Drivers/STM32F4xx_HAL_Driver/Src/stm32f4xx_hal_cortex.o
 .debug_aranges
                0x0000000000000428       0x90 ./Drivers/STM32F4xx_HAL_Driver/Src/stm32f4xx_hal_dma.o
 .debug_aranges
                0x00000000000004b8       0x58 ./Drivers/STM32F4xx_HAL_Driver/Src/stm32f4xx_hal_gpio.o
 .debug_aranges
                0x0000000000000510      0x2a0 ./Drivers/STM32F4xx_HAL_Driver/Src/stm32f4xx_hal_i2c.o
 .debug_aranges
                0x00000000000007b0       0x88 ./Drivers/STM32F4xx_HAL_Driver/Src/stm32f4xx_hal_rcc.o
 .debug_aranges
                0x0000000000000838      0x3d0 ./Drivers/STM32F4xx_HAL_Driver/Src/stm32f4xx_hal_tim.o
 .debug_aranges
                0x0000000000000c08      0x168 ./Drivers/STM32F4xx_HAL_Driver/Src/stm32f4xx_hal_tim_ex.o
 .debug_aranges
                0x0000000000000d70      0x200 ./Drivers/STM32F4xx_HAL_Driver/Src/stm32f4xx_hal_uart.o

.debug_ranges   0x0000000000000000      0xea0
 .debug_ranges  0x0000000000000000       0x10 ./Core/Src/gpio.o
 .debug_ranges  0x0000000000000010       0x20 ./Core/Src/i2c.o
 .debug_ranges  0x0000000000000030       0x50 ./Core/Src/main.o
 .debug_ranges  0x0000000000000080       0x10 ./Core/Src/stm32f4xx_hal_msp.o
 .debug_ranges  0x0000000000000090       0x68 ./Core/Src/stm32f4xx_it.o
 .debug_ranges  0x00000000000000f8       0x18 ./Core/Src/system_stm32f4xx.o
 .debug_ranges  0x0000000000000110       0x40 ./Core/Src/tim.o
 .debug_ranges  0x0000000000000150       0x28 ./Core/Src/usart.o
 .debug_ranges  0x0000000000000178       0x20 ./Core/Startup/startup_stm32f405rgtx.o
 .debug_ranges  0x0000000000000198       0xe0 ./Drivers/STM32F4xx_HAL_Driver/Src/stm32f4xx_hal.o
 .debug_ranges  0x0000000000000278      0x108 ./Drivers/STM32F4xx_HAL_Driver/Src/stm32f4xx_hal_cortex.o
 .debug_ranges  0x0000000000000380       0x80 ./Drivers/STM32F4xx_HAL_Driver/Src/stm32f4xx_hal_dma.o
 .debug_ranges  0x0000000000000400       0x48 ./Drivers/STM32F4xx_HAL_Driver/Src/stm32f4xx_hal_gpio.o
 .debug_ranges  0x0000000000000448      0x2a8 ./Drivers/STM32F4xx_HAL_Driver/Src/stm32f4xx_hal_i2c.o
 .debug_ranges  0x00000000000006f0       0x78 ./Drivers/STM32F4xx_HAL_Driver/Src/stm32f4xx_hal_rcc.o
 .debug_ranges  0x0000000000000768      0x3c0 ./Drivers/STM32F4xx_HAL_Driver/Src/stm32f4xx_hal_tim.o
 .debug_ranges  0x0000000000000b28      0x158 ./Drivers/STM32F4xx_HAL_Driver/Src/stm32f4xx_hal_tim_ex.o
 .debug_ranges  0x0000000000000c80      0x220 ./Drivers/STM32F4xx_HAL_Driver/Src/stm32f4xx_hal_uart.o

.debug_macro    0x0000000000000000    0x2021a
 .debug_macro   0x0000000000000000      0x201 ./Core/Src/gpio.o
 .debug_macro   0x0000000000000201      0xa78 ./Core/Src/gpio.o
 .debug_macro   0x0000000000000c79      0x2a1 ./Core/Src/gpio.o
 .debug_macro   0x0000000000000f1a       0x2e ./Core/Src/gpio.o
 .debug_macro   0x0000000000000f48       0x2f ./Core/Src/gpio.o
 .debug_macro   0x0000000000000f77       0x22 ./Core/Src/gpio.o
 .debug_macro   0x0000000000000f99       0x8e ./Core/Src/gpio.o
 .debug_macro   0x0000000000001027       0x51 ./Core/Src/gpio.o
 .debug_macro   0x0000000000001078      0x103 ./Core/Src/gpio.o
 .debug_macro   0x000000000000117b       0x6a ./Core/Src/gpio.o
 .debug_macro   0x00000000000011e5      0x1df ./Core/Src/gpio.o
 .debug_macro   0x00000000000013c4       0x1c ./Core/Src/gpio.o
 .debug_macro   0x00000000000013e0       0x22 ./Core/Src/gpio.o
 .debug_macro   0x0000000000001402       0xd9 ./Core/Src/gpio.o
 .debug_macro   0x00000000000014db     0x102d ./Core/Src/gpio.o
 .debug_macro   0x0000000000002508      0x11f ./Core/Src/gpio.o
 .debug_macro   0x0000000000002627    0x1426d ./Core/Src/gpio.o
 .debug_macro   0x0000000000016894       0x6d ./Core/Src/gpio.o
 .debug_macro   0x0000000000016901     0x367e ./Core/Src/gpio.o
 .debug_macro   0x0000000000019f7f      0x174 ./Core/Src/gpio.o
 .debug_macro   0x000000000001a0f3       0x5c ./Core/Src/gpio.o
 .debug_macro   0x000000000001a14f      0x8a7 ./Core/Src/gpio.o
 .debug_macro   0x000000000001a9f6      0x9fe ./Core/Src/gpio.o
 .debug_macro   0x000000000001b3f4      0x115 ./Core/Src/gpio.o
 .debug_macro   0x000000000001b509      0x130 ./Core/Src/gpio.o
 .debug_macro   0x000000000001b639       0xa5 ./Core/Src/gpio.o
 .debug_macro   0x000000000001b6de      0x174 ./Core/Src/gpio.o
 .debug_macro   0x000000000001b852      0x287 ./Core/Src/gpio.o
 .debug_macro   0x000000000001bad9       0x5f ./Core/Src/gpio.o
 .debug_macro   0x000000000001bb38      0x236 ./Core/Src/gpio.o
 .debug_macro   0x000000000001bd6e      0x12c ./Core/Src/gpio.o
 .debug_macro   0x000000000001be9a      0x21e ./Core/Src/gpio.o
 .debug_macro   0x000000000001c0b8       0x2e ./Core/Src/gpio.o
 .debug_macro   0x000000000001c0e6      0x1b5 ./Core/Src/gpio.o
 .debug_macro   0x000000000001c29b       0xd6 ./Core/Src/gpio.o
 .debug_macro   0x000000000001c371      0x11a ./Core/Src/gpio.o
 .debug_macro   0x000000000001c48b       0x7e ./Core/Src/gpio.o
 .debug_macro   0x000000000001c509       0x89 ./Core/Src/gpio.o
 .debug_macro   0x000000000001c592      0x8e6 ./Core/Src/gpio.o
 .debug_macro   0x000000000001ce78       0x47 ./Core/Src/gpio.o
 .debug_macro   0x000000000001cebf      0x295 ./Core/Src/gpio.o
 .debug_macro   0x000000000001d154      0x12d ./Core/Src/gpio.o
 .debug_macro   0x000000000001d281       0x34 ./Core/Src/gpio.o
 .debug_macro   0x000000000001d2b5      0x201 ./Core/Src/i2c.o
 .debug_macro   0x000000000001d4b6      0x480 ./Core/Src/main.o
 .debug_macro   0x000000000001d936       0x22 ./Core/Src/main.o
 .debug_macro   0x000000000001d958       0x52 ./Core/Src/main.o
 .debug_macro   0x000000000001d9aa       0x1e ./Core/Src/main.o
 .debug_macro   0x000000000001d9c8       0x3c ./Core/Src/main.o
 .debug_macro   0x000000000001da04       0x34 ./Core/Src/main.o
 .debug_macro   0x000000000001da38       0x16 ./Core/Src/main.o
 .debug_macro   0x000000000001da4e       0x43 ./Core/Src/main.o
 .debug_macro   0x000000000001da91       0x34 ./Core/Src/main.o
 .debug_macro   0x000000000001dac5       0x10 ./Core/Src/main.o
 .debug_macro   0x000000000001dad5       0x58 ./Core/Src/main.o
 .debug_macro   0x000000000001db2d       0x71 ./Core/Src/main.o
 .debug_macro   0x000000000001db9e       0x1c ./Core/Src/main.o
 .debug_macro   0x000000000001dbba      0x12a ./Core/Src/main.o
 .debug_macro   0x000000000001dce4      0x341 ./Core/Src/main.o
 .debug_macro   0x000000000001e025      0x19b ./Core/Src/main.o
 .debug_macro   0x000000000001e1c0       0x16 ./Core/Src/main.o
 .debug_macro   0x000000000001e1d6       0x35 ./Core/Src/main.o
 .debug_macro   0x000000000001e20b       0x16 ./Core/Src/main.o
 .debug_macro   0x000000000001e221       0x29 ./Core/Src/main.o
 .debug_macro   0x000000000001e24a       0x1c ./Core/Src/main.o
 .debug_macro   0x000000000001e266       0x10 ./Core/Src/main.o
 .debug_macro   0x000000000001e276       0x10 ./Core/Src/main.o
 .debug_macro   0x000000000001e286       0x1c ./Core/Src/main.o
 .debug_macro   0x000000000001e2a2       0x52 ./Core/Src/main.o
 .debug_macro   0x000000000001e2f4       0x22 ./Core/Src/main.o
 .debug_macro   0x000000000001e316       0x10 ./Core/Src/main.o
 .debug_macro   0x000000000001e326       0x52 ./Core/Src/main.o
 .debug_macro   0x000000000001e378       0xd5 ./Core/Src/main.o
 .debug_macro   0x000000000001e44d       0x1c ./Core/Src/main.o
 .debug_macro   0x000000000001e469       0x3d ./Core/Src/main.o
 .debug_macro   0x000000000001e4a6       0x16 ./Core/Src/main.o
 .debug_macro   0x000000000001e4bc      0x145 ./Core/Src/main.o
 .debug_macro   0x000000000001e601       0x16 ./Core/Src/main.o
 .debug_macro   0x000000000001e617       0x20 ./Core/Src/main.o
 .debug_macro   0x000000000001e637      0x1f7 ./Core/Src/stm32f4xx_hal_msp.o
 .debug_macro   0x000000000001e82e      0x201 ./Core/Src/stm32f4xx_it.o
 .debug_macro   0x000000000001ea2f      0x1e8 ./Core/Src/system_stm32f4xx.o
 .debug_macro   0x000000000001ec17      0x201 ./Core/Src/tim.o
 .debug_macro   0x000000000001ee18      0x201 ./Core/Src/usart.o
 .debug_macro   0x000000000001f019      0x248 ./Drivers/STM32F4xx_HAL_Driver/Src/stm32f4xx_hal.o
 .debug_macro   0x000000000001f261      0x1e8 ./Drivers/STM32F4xx_HAL_Driver/Src/stm32f4xx_hal_cortex.o
 .debug_macro   0x000000000001f449      0x1ee ./Drivers/STM32F4xx_HAL_Driver/Src/stm32f4xx_hal_dma.o
 .debug_macro   0x000000000001f637      0x1ee ./Drivers/STM32F4xx_HAL_Driver/Src/stm32f4xx_hal_gpio.o
 .debug_macro   0x000000000001f825      0x22f ./Drivers/STM32F4xx_HAL_Driver/Src/stm32f4xx_hal_i2c.o
 .debug_macro   0x000000000001fa54      0x20c ./Drivers/STM32F4xx_HAL_Driver/Src/stm32f4xx_hal_rcc.o
 .debug_macro   0x000000000001fc60      0x1e9 ./Drivers/STM32F4xx_HAL_Driver/Src/stm32f4xx_hal_tim.o
 .debug_macro   0x000000000001fe49      0x1e8 ./Drivers/STM32F4xx_HAL_Driver/Src/stm32f4xx_hal_tim_ex.o
 .debug_macro   0x0000000000020031      0x1e9 ./Drivers/STM32F4xx_HAL_Driver/Src/stm32f4xx_hal_uart.o

.debug_line     0x0000000000000000    0x139b1
 .debug_line    0x0000000000000000      0x712 ./Core/Src/gpio.o
 .debug_line    0x0000000000000712      0x752 ./Core/Src/i2c.o
 .debug_line    0x0000000000000e64     0x116b ./Core/Src/main.o
 .debug_line    0x0000000000001fcf      0x6e8 ./Core/Src/stm32f4xx_hal_msp.o
 .debug_line    0x00000000000026b7      0x7f3 ./Core/Src/stm32f4xx_it.o
 .debug_line    0x0000000000002eaa      0x76a ./Core/Src/system_stm32f4xx.o
 .debug_line    0x0000000000003614      0x8b8 ./Core/Src/tim.o
 .debug_line    0x0000000000003ecc      0x7bf ./Core/Src/usart.o
 .debug_line    0x000000000000468b       0x88 ./Core/Startup/startup_stm32f405rgtx.o
 .debug_line    0x0000000000004713      0x9d0 ./Drivers/STM32F4xx_HAL_Driver/Src/stm32f4xx_hal.o
 .debug_line    0x00000000000050e3      0xc7f ./Drivers/STM32F4xx_HAL_Driver/Src/stm32f4xx_hal_cortex.o
 .debug_line    0x0000000000005d62      0xf34 ./Drivers/STM32F4xx_HAL_Driver/Src/stm32f4xx_hal_dma.o
 .debug_line    0x0000000000006c96      0xb44 ./Drivers/STM32F4xx_HAL_Driver/Src/stm32f4xx_hal_gpio.o
 .debug_line    0x00000000000077da     0x3985 ./Drivers/STM32F4xx_HAL_Driver/Src/stm32f4xx_hal_i2c.o
 .debug_line    0x000000000000b15f      0xd4c ./Drivers/STM32F4xx_HAL_Driver/Src/stm32f4xx_hal_rcc.o
 .debug_line    0x000000000000beab     0x36c4 ./Drivers/STM32F4xx_HAL_Driver/Src/stm32f4xx_hal_tim.o
 .debug_line    0x000000000000f56f     0x19cd ./Drivers/STM32F4xx_HAL_Driver/Src/stm32f4xx_hal_tim_ex.o
 .debug_line    0x0000000000010f3c     0x2a75 ./Drivers/STM32F4xx_HAL_Driver/Src/stm32f4xx_hal_uart.o

.debug_str      0x0000000000000000    0xc3784
 .debug_str     0x0000000000000000    0xba79a ./Core/Src/gpio.o
                                      0xbaa41 (size before relaxing)
 .debug_str     0x00000000000ba79a      0x533 ./Core/Src/i2c.o
                                      0xbaa71 (size before relaxing)
 .debug_str     0x00000000000baccd     0x547a ./Core/Src/main.o
                                      0xbff52 (size before relaxing)
 .debug_str     0x00000000000c0147       0x2c ./Core/Src/stm32f4xx_hal_msp.o
                                      0xba477 (size before relaxing)
 .debug_str     0x00000000000c0173      0x154 ./Core/Src/stm32f4xx_it.o
                                      0xbabb8 (size before relaxing)
 .debug_str     0x00000000000c02c7       0xdb ./Core/Src/system_stm32f4xx.o
                                      0xba45e (size before relaxing)
 .debug_str     0x00000000000c03a2      0x1fe ./Core/Src/tim.o
                                      0xbb1b4 (size before relaxing)
 .debug_str     0x00000000000c05a0       0x51 ./Core/Src/usart.o
                                      0xbaeff (size before relaxing)
 .debug_str     0x00000000000c05f1       0x36 ./Core/Startup/startup_stm32f405rgtx.o
                                         0x56 (size before relaxing)
 .debug_str     0x00000000000c0627      0x60d ./Drivers/STM32F4xx_HAL_Driver/Src/stm32f4xx_hal.o
                                      0xbafc1 (size before relaxing)
 .debug_str     0x00000000000c0c34      0x32d ./Drivers/STM32F4xx_HAL_Driver/Src/stm32f4xx_hal_cortex.o
                                      0xbacf4 (size before relaxing)
 .debug_str     0x00000000000c0f61      0x323 ./Drivers/STM32F4xx_HAL_Driver/Src/stm32f4xx_hal_dma.o
                                      0xba878 (size before relaxing)
 .debug_str     0x00000000000c1284       0xd0 ./Drivers/STM32F4xx_HAL_Driver/Src/stm32f4xx_hal_gpio.o
                                      0xba5d9 (size before relaxing)
 .debug_str     0x00000000000c1354      0xaa2 ./Drivers/STM32F4xx_HAL_Driver/Src/stm32f4xx_hal_i2c.o
                                      0xbb429 (size before relaxing)
 .debug_str     0x00000000000c1df6      0x213 ./Drivers/STM32F4xx_HAL_Driver/Src/stm32f4xx_hal_rcc.o
                                      0xba892 (size before relaxing)
 .debug_str     0x00000000000c2009      0xd2b ./Drivers/STM32F4xx_HAL_Driver/Src/stm32f4xx_hal_tim.o
                                      0xbb7d8 (size before relaxing)
 .debug_str     0x00000000000c2d34      0x493 ./Drivers/STM32F4xx_HAL_Driver/Src/stm32f4xx_hal_tim_ex.o
                                      0xbaff4 (size before relaxing)
 .debug_str     0x00000000000c31c7      0x5bd ./Drivers/STM32F4xx_HAL_Driver/Src/stm32f4xx_hal_uart.o
                                      0xbae31 (size before relaxing)

.comment        0x0000000000000000       0x50
 .comment       0x0000000000000000       0x50 ./Core/Src/gpio.o
                                         0x51 (size before relaxing)
 .comment       0x0000000000000050       0x51 ./Core/Src/i2c.o
 .comment       0x0000000000000050       0x51 ./Core/Src/main.o
 .comment       0x0000000000000050       0x51 ./Core/Src/stm32f4xx_hal_msp.o
 .comment       0x0000000000000050       0x51 ./Core/Src/stm32f4xx_it.o